
########## 05 验收④ 倒计时接口：考试日、倒计天数、场次、目标分数（含独立口径对拍） ##########
--- 05-1 四级：GET /api/exam/next 原样 ---
{"code":0,"message":"ok","data":{"target":"4","targetLabel":"英语四级","examDate":"2026-12-12","daysLeft":79,"session":"上午","goalScore":425,"scoreFull":710,"today":"2026-09-24"}}
接口给的 today=2026-09-24  examDate=2026-12-12  daysLeft=79

--- 05-2 独立口径对拍（Python 自己算 12 月第二个周六与天数差，不 import 服务端任何东西）---
[CHECK] 四级倒计时与独立口径一致（考试日=12月第二个周六、天数=日期差） ✅ 期望=OK 实际=OK
[CHECK] target=4 ✅ 期望=4 实际=4
[CHECK] targetLabel=英语四级 ✅ 期望=英语四级 实际=英语四级
[CHECK] 四级是上午考 ✅ 期望=上午 实际=上午
[CHECK] 目标分数=过级线 425 ✅ 期望=425 实际=425
[CHECK] 满分 710 ✅ 期望=710 实际=710

--- 05-3 切到六级：同一场考试（考试日不变）、下午考 ---
[CHECK] 切六级：HTTP 200 + code 0 ✅ 期望=200/0 实际=200/0
[CHECK] 回执里的 target=6 ✅ 期望=6 实际=6
[CHECK] 六级考试日与四级相同（同一天两场） ✅ 期望=2026-12-12 实际=2026-12-12
[CHECK] 六级是下午考 ✅ 期望=下午 实际=下午
[CHECK] targetLabel=英语六级 ✅ 期望=英语六级 实际=英语六级
[CHECK] 六级倒计时与独立口径一致 ✅ 期望=OK 实际=OK

--- 05-4 非法目标值被拒（400 + 40001）---
[CHECK] target='5' 被拒：HTTP 400 + 40001 ✅ 期望=400/40001 实际=400/40001
[CHECK] target='' 被拒：HTTP 400 + 40001 ✅ 期望=400/40001 实际=400/40001
[CHECK] target='abc' 被拒：HTTP 400 + 40001 ✅ 期望=400/40001 实际=400/40001
[CHECK] target='44' 被拒：HTTP 400 + 40001 ✅ 期望=400/40001 实际=400/40001
[CHECK] 被拒后库里 target 没被改坏 ✅ 期望=6 实际=6

--- 05-5 幂等：同一个目标重复提交不报错、不改坏 ---
[CHECK] 重复提交 target=6：HTTP 200 + code 0 ✅ 期望=200/0 实际=200/0
[CHECK] 库里仍是 6 ✅ 期望=6 实际=6
[CHECK] 接口回执的 user.id 是本人 ✅ 期望=100 实际=100
