
########## 06 验收② 解锁状态与后端一致（新学生无进度基线） ##########
--- 06-1 库里逐关题量（band=4, enabled=1）---
25	5
26	5
27	5
28	5
29	5
30	8
31	7
32	8
33	10
34	10
37	10
35	5
36	5
42	7
43	8
44	10
45	10
46	10
47	5
48	5
38	10
39	10
40	5
41	5

--- 06-2 解锁链复核 + 题量逐关对账（独立实现一遍规则）---
[CHECK] 解锁链/题量全部一致（新学生：每单元第一关开着，其余锁着） ✅ 期望=OK 实际=OK
[CHECK] 关卡数 24 ✅ 期望=24 实际=24
[CHECK] 做题量合计=173（四级题库） ✅ 期望=173 实际=173
[CHECK] 库里的四级可用题数也是 173 ✅ 期望=173 实际=173
[CHECK] 新学生 XP=0（没进度就是 0，不是种子数据） ✅ 期望=0 实际=0
[CHECK] 新学生等级=1 ✅ 期望=1 实际=1
[CHECK] 一级 300 XP 的斜率由服务端下发 ✅ 期望=300 实际=300

--- 06-3 每单元第一个「有题」的关都开着（原型口径：单元=一套题，周与周之间不互相锁死）---
四级的 4 个单元全部有题，所以 4 个单元的第一个可玩关应该都 unlocked=true：
[CHECK] 开着的第一关数 = 单元数 = 4 ✅ 期望=4 实际=4
[CHECK] 推荐起点=第一个可玩关（=unit3 第 1 关） ✅ 期望=25 实际=25

--- 06-4 单元合计与关卡合计对得上 ---
[CHECK] 单元合计题数 = 关卡题数合计（4 个单元 = 173） ✅ 期望=173 实际=173
[CHECK] 单元合计关数 = 关卡数（24） ✅ 期望=24 实际=24
[CHECK] 单元数 4 ✅ 期望=4 实际=4
