
########## 08 验收② 切到六级：真题单元空关必须置灰且不占解锁链 ##########
--- 08-1 六级视角的逐关题量（band=6）---
25	5
26	5
27	5
28	5
29	5
30	8
31	0
32	0
33	0
34	0
37	0
35	0
36	0
42	0
43	0
44	0
45	0
46	0
47	0
48	0
38	0
39	0
40	0
41	0

[CHECK] 取地图（六级）：HTTP 200 + code 0 ✅ 期望=200/0 实际=200/0
[CHECK] 解锁链/题量全部一致（含空关：questionCount=0 一律 unlocked=false） ✅ 期望=OK 实际=OK
[CHECK] 做题量合计=33（六级题库） ✅ 期望=33 实际=33
[CHECK] 库里的六级可用题数也是 33 ✅ 期望=33 实际=33
[CHECK] 三个真题单元（第 9/10/11 周）题量全 0 ✅ 期望=0 实际=0
[CHECK] 三个真题单元的关卡全部 unlocked=false（不给六级学生开门） ✅ 期望=0 实际=0
[CHECK] 空关不占链条：unit3 的第 1 关照样开着（第 9 周空关没把它锁死） ✅ 期望=True 实际=True
[CHECK] 四个单元的有题关数：unit3 有题、9/10/11 空 ✅ 期望=6/0/0/0 实际=6/0/0/0

--- 08-2 已注册口径：attempts 没有 band 列，通关/星级在四六级之间共享（S5 登记项，等拍板）---
[CHECK] 六级视角下 unit3 的第 1~3 关仍显示已通关（跨套共享，属已知登记项） ✅ 期望=True/True/True 实际=True/True/True
[CHECK] 六级视角下 XP 仍是同一本账（740） ✅ 期望=740 实际=740

--- 08-3 切回四级（收尾状态与 00 号一致：目标=4）---
[CHECK] 切回四级：HTTP 200 + code 0 ✅ 期望=200/0 实际=200/0
[CHECK] 库里 target=4 ✅ 期望=4 实际=4
