
########## 00 S6 验收前置：服务可达 + 演示学生就位 + 底账快照（先记后清） ##########
--- 00-1 服务可达 ---
[CHECK] MySQL 3307 可连 ✅ 期望=1 实际=1
[CHECK] Go 服务 /api/health 200 ✅ 期望=200 实际=200
[CHECK] Vite 5174 可达（学生端 5174：5173 被别的项目占着） ✅ 期望=200 实际=200

--- 00-2 教师账号就位（seed-teacher 打回初始密码再改密，S2 起的惯例）---
[CHECK] 教师初始密码登录成功 ✅ 期望=yes 实际=yes
[CHECK] 教师改密后再登录成功 ✅ 期望=yes 实际=yes
[CHECK] 班级「2024级英语1班」存在 ✅ 期望=yes 实际=yes

--- 00-3 演示学生 S6V6A/B/C（缺则建、建后改密；每次跑前把 S6 进度清零、目标回四级）---
[CHECK] S6V6A 演示密码 S6demo2026 能登录 ✅ 期望=yes 实际=yes
[CHECK] S6V6A 进度已清零（attempts/attempt_answers/xp_ledger/wrong_book 全 0） ✅ 期望=0/0/0/0 实际=0/0/0/0
[CHECK] S6V6A 目标回四级（users.target=4） ✅ 期望=4 实际=4
[CHECK] S6V6B 演示密码 S6demo2026 能登录 ✅ 期望=yes 实际=yes
[CHECK] S6V6B 进度已清零（attempts/attempt_answers/xp_ledger/wrong_book 全 0） ✅ 期望=0/0/0/0 实际=0/0/0/0
[CHECK] S6V6B 目标回四级（users.target=4） ✅ 期望=4 实际=4
[CHECK] S6V6C 演示密码 S6demo2026 能登录 ✅ 期望=yes 实际=yes
[CHECK] S6V6C 进度已清零（attempts/attempt_answers/xp_ledger/wrong_book 全 0） ✅ 期望=0/0/0/0 实际=0/0/0/0
[CHECK] S6V6C 目标回四级（users.target=4） ✅ 期望=4 实际=4

--- 00-4 底账快照（99 要拿来比：S6 只写演示学生的行，不动表结构/题库/其他人）---
底账（表/列/单元/关/题/账号）：17/128/4/24/206/55
题库指纹（题数/id和/题干长/选项长/逐题 CRC 和）：206/75705/311085/25817/477287524982
[CHECK] 表数仍是 17（S6 不加表） ✅ 期望=17 实际=17
[CHECK] 列数仍是 128（S6 不改列，等级/目标都不落库） ✅ 期望=128 实际=128
[CHECK] 题库仍是 4 单元 / 24 关 / 206 题 ✅ 期望=4/24/206 实际=4/24/206
[CHECK] 四级题库 173 题 / 六级题库 33 题（目标决定取哪一套） ✅ 期望=173/33 实际=173/33
