
########## 99 收尾：编号日志逐条点名 + 底账回归（题库/表结构/账号） ##########
--- 99-1 编号日志 ---
00-precheck          [OK] 退出码 0 · 失败标记 0
01-gotest            [OK] 退出码 0 · 失败标记 0
02-verify            [OK] 退出码 0 · 失败标记 0
03-chain             [OK] 退出码 0 · 失败标记 0
04-replay            [OK] 退出码 0 · 失败标记 0
05-realpaper         [OK] 退出码 0 · 失败标记 0
06-wrong             [OK] 退出码 0 · 失败标记 0
07-failmixed         [OK] 退出码 0 · 失败标记 0
08-target6           [OK] 退出码 0 · 失败标记 0
09-ledger            [OK] 退出码 0 · 失败标记 0
10-proto-shots       [OK] 退出码 0 · 失败标记 0
11-side-by-side      [OK] 退出码 0 · 失败标记 0

--- 99-2 各场景断言数（来自 e2e-*.json 与 ledger-reconcile.json）---
e2e-chain.json          301 条断言 · 失败 0 条 · ✅
e2e-failmixed.json       45 条断言 · 失败 0 条 · ✅
e2e-realpaper.json      162 条断言 · 失败 0 条 · ✅
e2e-replay.json          58 条断言 · 失败 0 条 · ✅
e2e-target6.json          5 条断言 · 失败 0 条 · ✅
e2e-wrong.json           31 条断言 · 失败 0 条 · ✅
ledger-reconcile.json   116 条断言 · 对账 11 次结算 · ✅
合计 718 条断言

--- 99-3 底账回归（题库与表结构必须一字未动）---
[CHECK] 表/列/单元/关/题/账号 底账与开跑前一致 ✅ 期望=17/128/4/24/206/55 实际=17/128/4/24/206/55
[CHECK] 题库指纹与开跑前一致（真题素材没被动过） ✅ 期望=206/75705/311085/25817/477287524982 实际=206/75705/311085/25817/477287524982

--- 99-4 演示数据的最终形态（故意留着：验收④的账本证据在库里）---
S6V6A	4	9	58	2849
S6V6B	4	2	8	0
S6V6C	6	1	0	0
