
########## 04 验收①②③（接口侧）：建队/加入/单人队/宝箱条件/提醒落库/阈值边界 + 三方对拍 ##########
    · 演示学生：S7A=110 / S7B=111 / S7C=112 / S7D=113 / S7E=114
[REC] 手算底稿已就位（plan-*.json） ✅ 期望=True 实际=True
[REC] 本周一 00:00 分桶（起点） ✅ 期望=2026-10-05 00:00:00 实际=2026-10-05 00:00:00

---------- pre-1 手算 × SQL：作答/通关/正确率三方对齐 ----------
[REC] S7A 手算通关 2 关 = SQL 2 ✅ 期望=2 实际=2
[REC] S7A 手算作答 10 题 = SQL 10 ✅ 期望=10 实际=10
[REC] S7A 手算答对 7 题 = SQL 7 ✅ 期望=7 实际=7
[REC] S7B 手算通关 1 关 = SQL 1 ✅ 期望=1 实际=1
[REC] S7B 手算作答 5 题 = SQL 5 ✅ 期望=5 实际=5
[REC] S7B 手算答对 3 题 = SQL 3 ✅ 期望=3 实际=3
[REC] S7C 手算通关 0 关 = SQL 0 ✅ 期望=0 实际=0
[REC] S7C 手算作答 0 题 = SQL 0 ✅ 期望=0 实际=0
[REC] S7C 手算答对 0 题 = SQL 0 ✅ 期望=0 实际=0
[REC] S7D 手算通关 0 关 = SQL 0 ✅ 期望=0 实际=0
[REC] S7D 手算作答 0 题 = SQL 0 ✅ 期望=0 实际=0
[REC] S7D 手算答对 0 题 = SQL 0 ✅ 期望=0 实际=0
[REC] S7E 手算通关 1 关 = SQL 1 ✅ 期望=1 实际=1
[REC] S7E 手算作答 5 题 = SQL 5 ✅ 期望=5 实际=5
[REC] S7E 手算答对 5 题 = SQL 5 ✅ 期望=5 实际=5

---------- pre-2 未入队与建队：队伍号即邀请码 + 单人队语义 ----------
[REC] S7C 未入队时 team = null ✅ 期望=None 实际=None
[REC] S7C 建队 HTTP 200 + code 0 ✅ 期望=200/0 实际=200/0
[REC] 建完即单人队（memberCount=1 / solo=true / 我是队长） ✅ 期望=(1, True, True) 实际=(1, True, True)
[REC] 单人队：无加成比例（bonusRate=0） ✅ 期望=0 实际=0
[REC] 单人队：加成 XP 恒 0 ✅ 期望=0 实际=0
[REC] 单人队：宝箱标记 solo=true ✅ 期望=True 实际=True
[REC] 单人队：rawXp = 自己本周账本（没作答 → 0） ✅ 期望=0 实际=0
[REC] S7C 单人队时宝箱未解锁 ✅ 期望=False 实际=False
[REC] S7C 自己看：候选小队里没有自己的队 ✅ 期望=[] 实际=[]
[REC] S7A 还没入队 → team = null ✅ 期望=None 实际=None
[REC] 未入队者能看到本班已有小队（摆摊队） ✅ 期望=True 实际=True
[REC] 候选卡口径 = 队名/队徽/人数/队长/队伍号 ✅ 期望=('摆摊队', '🐼', 1, 'S7演示学生C', 10) 实际=('摆摊队', '🐼', 1, 'S7演示学生C', 10)
[REC] 别班（S7D）候选列表为空：跨班不互见小队 ✅ 期望=[] 实际=[]
[REC] S7D 加入别班小队 → 404 不存在（不泄露别班队名） ✅ 期望=(404, 40401) 实际=(404, 40401)
[REC] 单人队的队长可以退队（队伍随之解散） ✅ 期望=(200, 0) 实际=(200, 0)
[REC] S7C 退队后回到未入队 ✅ 期望=None 实际=None
[REC] 解散的队不再出现在候选列表 ✅ 期望=False 实际=False
[REC] 加入已解散的队 → 404 ✅ 期望=(404, 40401) 实际=(404, 40401)

---------- pre-3 单人队 → 收人 → 加成 10%：验收②（单人队无加成但 XP 照计） ----------
[REC] S7A 建队 200 ✅ 期望=(200, 0) 实际=(200, 0)
[REC] 建完是单人队（solo=true / 1 人） ✅ 期望=(True, 1) 实际=(True, 1)
[REC] 单人队 rawXp = 账本净得（照常计 XP：315 > 0） ✅ 期望=315 实际=315
[REC] 单人队 rawXp > 0（确实有本周成绩，不是空转） ✅ 期望=True 实际=True
[REC] 单人队加成 = 0（XP 一分不改） ✅ 期望=0 实际=0
[REC] 个人档案页总 XP = 账本 SUM(delta)（队伍不参与个人 XP 计算） ✅ 期望=315 实际=315
[REC] S7B 用队伍号加入 200 ✅ 期望=(200, 0) 实际=(200, 0)
[REC] 两人队：solo=false / memberCount=2 ✅ 期望=(False, 2) 实际=(False, 2)
[REC] 两人队：加成比例 = 0.1 ✅ 期望=0.1 实际=0.1
[REC] 成员次序：队长在第一位 ✅ 期望=(110, True) 实际=(110, True)
[REC] 视图里的 isMe 只挂在自己身上 ✅ 期望=[110] 实际=[110]
[REC] S7C 用队伍号加入 200 ✅ 期望=(200, 0) 实际=(200, 0)
[REC] 三人队 memberCount=3 ✅ 期望=3 实际=3
[REC] 队伍号 = 邀请码（S7A 拿到的 id 与实际入队的 id 一致） ✅ 期望=11 实际=11

---------- pre-4 成员互见成绩：每人一张卡 = SQL 独立聚合 ----------
[REC] S7演示学生A（S7A）成员卡本周 XP = 账本 SUM(delta) ✅ 期望=315 实际=315
[REC] S7A 成员卡通关关数 = SQL 计 finished ✅ 期望=2 实际=2
[REC] S7A 成员卡作答数 = SQL 计 attempt_answers ✅ 期望=10 实际=10
[REC] S7A 成员卡答对数 = SQL 计 is_correct=1 ✅ 期望=7 实际=7
[REC] S7A 成员卡正确率 = 对/答（两位小数） ✅ 期望=0.7 实际=0.7
[REC] S7A 需加油标记 = 正确率<70% 或 0 通关（原型 isWeak） ✅ 期望=True 实际=True
[REC] S7演示学生B（S7B）成员卡本周 XP = 账本 SUM(delta) ✅ 期望=135 实际=135
[REC] S7B 成员卡通关关数 = SQL 计 finished ✅ 期望=1 实际=1
[REC] S7B 成员卡作答数 = SQL 计 attempt_answers ✅ 期望=5 实际=5
[REC] S7B 成员卡答对数 = SQL 计 is_correct=1 ✅ 期望=3 实际=3
[REC] S7B 成员卡正确率 = 对/答（两位小数） ✅ 期望=0.6 实际=0.6
[REC] S7B 需加油标记 = 正确率<70% 或 0 通关（原型 isWeak） ✅ 期望=True 实际=True
[REC] S7演示学生C（S7C）成员卡本周 XP = 账本 SUM(delta) ✅ 期望=0 实际=0
[REC] S7C 成员卡通关关数 = SQL 计 finished ✅ 期望=0 实际=0
[REC] S7C 成员卡作答数 = SQL 计 attempt_answers ✅ 期望=0 实际=0
[REC] S7C 成员卡答对数 = SQL 计 is_correct=1 ✅ 期望=0 实际=0
[REC] S7C 成员卡正确率 = 对/答（两位小数） ✅ 期望=0.0 实际=0
[REC] S7C 需加油标记 = 正确率<70% 或 0 通关（原型 isWeak） ✅ 期望=True 实际=True

---------- pre-5 本周小结 × 宝箱条件（阈值 2000 / 加成 10%） ----------
[REC] 本周总通关 = 各成员通关之和 ✅ 期望=3 实际=3
[REC] 本周作答 = 各成员之和 ✅ 期望=15 实际=15
[REC] 本周答对 = 各成员之和 ✅ 期望=10 实际=10
[REC] 小队平均正确率 = 全员合计正确率（不是各人正确率的平均） ✅ 期望=0.67 实际=0.67
[REC] 周起点 = 本机独立算出的周一（YYYY-MM-DD） ✅ 期望=2026-10-05 实际=2026-10-05
[REC] 周标签 = M/D ✅ 期望=10/5 实际=10/5
[REC] 宝箱 rawXp = 成员卡本周 XP 之和 ✅ 期望=450 实际=450
[REC] 宝箱加成 = 单人队 0 / 多人队 rawXp×10%（四舍五入） ✅ 期望=45 实际=45
[REC] 宝箱小队经验 = rawXp + 加成 ✅ 期望=495 实际=495
[REC] 宝箱加成比例 = 单人队 0 / 多人队 0.1 ✅ 期望=0.1 实际=0.1
[REC] 宝箱阈值 = 2000（PRD §6） ✅ 期望=2000 实际=2000
[REC] 宝箱进度百分比 = 向上取整 ✅ 期望=25 实际=25
[REC] 宝箱还差多少 = 2000 − 小队经验（不为负） ✅ 期望=1505 实际=1505
[REC] 宝箱解锁 = 小队经验 ≥ 2000 ✅ 期望=False 实际=False
[REC] 前置：此刻小队经验未满 2000（宝箱锁定态可断言） ✅ 期望=True 实际=True
    · 小队经验 = 450+45=495 / 2000（进度 25%）

---------- pre-6 需加油阈值：与原型 isWeak 同口径（含 70% 边界） ----------
[REC] S7A 正确率正好 70%（边界值） ✅ 期望=0.7 实际=0.7
[REC] S7A 70% + 通关 2 关 → **不**算需加油（阈值是严格小于） ✅ 期望=False 实际=False
[REC] S7B 60% → 算需加油（正确率低） ✅ 期望=True 实际=True
[REC] S7C 0 通关 → 算需加油（即使正确率不是判定依据） ✅ 期望=True 实际=True
[REC] S7C 正确率 0 且作答 0（「本周还没闯关」） ✅ 期望=(0.0, 0) 实际=(0, 0)
[REC] 面板「需要加油 N 人」= 挂徽标人数（原型静态文案与 JS 不一致，这里以 JS 口径为准） ✅ 期望=2 实际=2
[REC] 队长视角可提醒人数 = 弱队员里排除队长与自己（2 人） ✅ 期望=2 实际=2
[REC] 队员视角可提醒人数 = 1（另一名弱队员；队长卡没有提醒按钮） ✅ 期望=1 实际=1
[REC] 另一名队员（S7C）视角可提醒人数 = 1（队长 + 自己都排除） ✅ 期望=1 实际=1

---------- pre-7 互相提醒：落库 / 幂等 / 只在自己队里 ----------
[REC] 队员提醒另一名队员 200（谁都能提醒） ✅ 期望=(200, 0) 实际=(200, 0)
[REC] 默认话术 = 原型那句（服务端兜底） ✅ 期望=这周一起冲两关？小队宝箱就差你了 💪 实际=这周一起冲两关？小队宝箱就差你了 💪
[REC] 提醒回执：发起人 / 收件人正确 ✅ 期望=(111, 112) 实际=(111, 112)
[REC] 提醒回执：发起人姓名带上（提醒条要显示谁喊的） ✅ 期望=S7演示学生B 实际=S7演示学生B
[REC] 队员发起 → fromLeader=false ✅ 期望=False 实际=False
[REC] 提醒落库：reminders 多了一行 ✅ 期望=1 实际=1
[REC] 落库内容 = 回执（msg 一致、read_at 未读） ✅ 期望=('这周一起冲两关？小队宝箱就差你了 💪', None) 实际=('这周一起冲两关？小队宝箱就差你了 💪', None)
[REC] 本周重复提醒同一个人 → alreadySent=true（幂等） ✅ 期望=True 实际=True
[REC] 重复提醒不再新增行 ✅ 期望=1 实际=1
[REC] 重复提醒返回同一行、话术仍是最初那条 ✅ 期望=(10, '这周一起冲两关？小队宝箱就差你了 💪') 实际=(10, '这周一起冲两关？小队宝箱就差你了 💪')
[REC] 自己提醒自己 → 400 ✅ 期望=(400, 40001) 实际=(400, 40001)
[REC] 提醒别班同学（非队友）→ 404 ✅ 期望=(404, 40401) 实际=(404, 40401)

---------- pre-8 收得到：未读提醒条 + 已提醒态 + 已读回执 ----------
[REC] S7C 收到 1 条未读提醒 ✅ 期望=1 实际=1
[REC] 提醒条内容 = 发送人姓名 + 话术 ✅ 期望=('S7演示学生B', '这周一起冲两关？小队宝箱就差你了 💪') 实际=('S7演示学生B', '这周一起冲两关？小队宝箱就差你了 💪')
[REC] 队员发起 → 提醒条不带队长标记 ✅ 期望=False 实际=False
[REC] S7B 视角：S7C 那张卡已经是「已提醒」态（原型按钮文案的服务端依据） ✅ 期望=True 实际=True
[REC] S7B 视角：对队长没有「已提醒」态可挂（队长卡没有按钮） ✅ 期望=False 实际=False
[REC] 别人的提醒标不了已读（发起人也不行）→ acked=0 ✅ 期望=(200, 0) 实际=(200, 0)
[REC] 收件人标已读 → acked=1 ✅ 期望=(200, 1) 实际=(200, 1)
[REC] 已读后未读清零 ✅ 期望=0 实际=0
[REC] 已读落库（read_at 非空） ✅ 期望=True 实际=True
[REC] 重复标已读 → acked=0（幂等） ✅ 期望=(200, 0) 实际=(200, 0)

---------- pre-9 一键提醒：队长专属（本项目在浏览器阶段实点，这里先验护栏） ----------
[REC] 非队长一键提醒 → 403 无权 ✅ 期望=(403, 40301) 实际=(403, 40301)
[REC] 被拒后没有任何新提醒落库 ✅ 期望=1 实际=1
[REC] 没入队的人一键提醒 → 409（没有小队可提醒） ✅ 期望=(409, 40901) 实际=(409, 40901)

---------- pre-10 退队语义：队员随时能退、队长只能独自退（留痕不删行） ----------
[REC] 队长还有队友时退队 → 409 冲突（一期不做队长移交） ✅ 期望=(409, 40901) 实际=(409, 40901)
[REC] 队员退队 → 200 ✅ 期望=(200, 0) 实际=(200, 0)
[REC] 退队后回到未入队态 ✅ 期望=None 实际=None
[REC] 退队留痕：team_members 行还在，left_at 非空（不物理删） ✅ 期望=1 实际=1
[REC] 退队后队伍人数回到 2 ✅ 期望=2 实际=2
[REC] 退队后还能再入队（队伍号仍有效） ✅ 期望=(200, 0) 实际=(200, 0)
[REC] 重新入队后人数回到 3 ✅ 期望=3 实际=3
[REC] 本周新入队 → 原型「新入队」标记（joined_at 落在本周） ✅ 期望=True 实际=True

---------- pre-11 护栏：未登录 / 首登未改密 / 重复建队 / 参数 ----------
[REC] 未登录 → 401 ✅ 期望=401 实际=401
[REC] 首登未改密 → 403 + 40302（Ready 门禁） ✅ 期望=(403, 40302) 实际=(403, 40302)
[REC] 已在队里再建队 → 409 ✅ 期望=(409, 40901) 实际=(409, 40901)
[REC] 队名全空白 → 400 ✅ 期望=(400, 40001) 实际=(400, 40001)
[REC] 加入不存在的队伍 → 404 ✅ 期望=(404, 40401) 实际=(404, 40401)
[REC] 已在队里再入队 → 409 ✅ 期望=(409, 40901) 实际=(409, 40901)
[REC] 不传队伍号 → 400 ✅ 期望=(400, 40001) 实际=(400, 40001)
[REC] 不传提醒对象 → 400 ✅ 期望=(400, 40001) 实际=(400, 40001)
[REC] 没入队的学生也能打开小队页（team=null，不是报错） ✅ 期望=(200, None) 实际=(200, None)

---------- pre-12 SQL 不变式（提醒与成员关系的形状） ----------
[REC] 同一对 (发起人,收件人) 本周最多 1 行提醒（幂等的库层面证据） ✅ 期望=0 实际=0
[REC] 提醒双方必须同队（跨队提醒一行都不许有） ✅ 期望=0 实际=0
[REC] 一个人同时只能在一个活跃小队（无并行重复成员行） ✅ 期望=0 实际=0

pre 相：136 条断言 · 失败 0 条
