
########## 05 验收①①（页面侧）：队长 S7A 真机 390×844 —— 页面画的数逐项对齐接口 + 真点提醒 + 截图 ##########
    · 已登录 S7A
[E2E] 页面加载时真的请求了 /api/team/overview 并 200 ✅ 期望=[200] 实际=[200]
[E2E] 首屏接口确实回了队伍（队长视角） ✅ 期望=True 实际=True
[E2E] 页头标题「🐹 我的小队」 ✅ 期望=🐹 我的小队 实际=🐹 我的小队
[E2E] 页头副标题 = 原型那句（小队经验全员加成 +10%） ✅ 期望=组队闯关 · 小队经验全员加成 +10% 实际=组队闯关 · 小队经验全员加成 +10%
[E2E] 队徽 = 队徽 emoji + 队名 ✅ 期望=🦆 加油鸭 实际=🦆 加油鸭
[E2E] 底栏「小队」Tab 高亮（当前页） ✅ 期望=True 实际=True
[E2E] 底栏四个 Tab（闯关/联赛/小队/我的） ✅ 期望=4 实际=4
[E2E] 底栏「小队」红点 = 未读提醒数 > 0（队长没收到提醒时不该有红点） ✅ 期望=False 实际=False
[E2E] 经验条标题「小队本周经验」 ✅ 期望=小队本周经验 实际=小队本周经验
[E2E] 经验条文案 = 接口下发的进度/阈值/还差 ✅ 期望=495 / 2000 · 距小队宝箱还差 1505 实际=495 / 2000 · 距小队宝箱还差 1505
[E2E] 经验条填充宽度 = 接口进度百分比 ✅ 期望=25% 实际=25%
[E2E] 本周小结三格 = 接口 week ✅ 期望=[('3', '本周总通关'), ('67%', '小队平均正确率'), ('2 人', '需要加油')] 实际=[('3', '本周总通关'), ('67%', '小队平均正确率'), ('2 人', '需要加油')]
[E2E] 提示行 = 原型那句（成绩互相可见 · 互相提醒） ✅ 期望=👀 小队成绩互相可见 · 组内互相提醒，比老师点名好使 实际=👀 小队成绩互相可见 · 组内互相提醒，比老师点名好使
[E2E] 「一键提醒 N 名」按钮 = 接口 nudgeCount ✅ 期望=📣 一键提醒 2 名需加油队员 实际=📣 一键提醒 2 名需加油队员
[E2E] 成员卡数量 = memberCount ✅ 期望=3 实际=3
[E2E] 第 1 张卡是 S7演示学生A（次序与接口一致） ✅ 期望=True 实际=True
[E2E] S7演示学生A「队长」徽标 = isLeader ✅ 期望=True 实际=True
[E2E] S7演示学生A「⚠ 需加油」徽标 = weak（阈值服务端判） ✅ 期望=False 实际=False
[E2E] S7演示学生A「新入队」徽标 = newJoin ✅ 期望=True 实际=True
[E2E] S7演示学生A 卡片底色用 weak 样式 ✅ 期望=False 实际=False
[E2E] S7演示学生A 两个成绩项 = 接口 xp/clears ✅ 期望=['本周 315 XP', '通关 2 关'] 实际=['本周 315 XP', '通关 2 关']
[E2E] S7演示学生A 正确率项 = 接口 accuracy ✅ 期望=正确率 70% 实际=正确率 70%
[E2E] S7演示学生A 正确率标黄规则 = 没作答或 <70% ✅ 期望=False 实际=False
[E2E] S7演示学生A 提醒按钮 = 非队长非本人（原型队长卡没有按钮） ✅ 期望=False 实际=False
[E2E] 第 2 张卡是 S7演示学生B（次序与接口一致） ✅ 期望=True 实际=True
[E2E] S7演示学生B「队长」徽标 = isLeader ✅ 期望=False 实际=False
[E2E] S7演示学生B「⚠ 需加油」徽标 = weak（阈值服务端判） ✅ 期望=True 实际=True
[E2E] S7演示学生B「新入队」徽标 = newJoin ✅ 期望=True 实际=True
[E2E] S7演示学生B 卡片底色用 weak 样式 ✅ 期望=True 实际=True
[E2E] S7演示学生B 两个成绩项 = 接口 xp/clears ✅ 期望=['本周 135 XP', '通关 1 关'] 实际=['本周 135 XP', '通关 1 关']
[E2E] S7演示学生B 正确率项 = 接口 accuracy ✅ 期望=正确率 60% 实际=正确率 60%
[E2E] S7演示学生B 正确率标黄规则 = 没作答或 <70% ✅ 期望=True 实际=True
[E2E] S7演示学生B 提醒按钮 = 非队长非本人（原型队长卡没有按钮） ✅ 期望=True 实际=True
[E2E] 第 3 张卡是 S7演示学生C（次序与接口一致） ✅ 期望=True 实际=True
[E2E] S7演示学生C「队长」徽标 = isLeader ✅ 期望=False 实际=False
[E2E] S7演示学生C「⚠ 需加油」徽标 = weak（阈值服务端判） ✅ 期望=True 实际=True
[E2E] S7演示学生C「新入队」徽标 = newJoin ✅ 期望=True 实际=True
[E2E] S7演示学生C 卡片底色用 weak 样式 ✅ 期望=True 实际=True
[E2E] S7演示学生C 两个成绩项 = 接口 xp/clears ✅ 期望=['本周 0 XP', '通关 0 关'] 实际=['本周 0 XP', '通关 0 关']
[E2E] S7演示学生C 正确率项 = 接口 accuracy ✅ 期望=本周还没闯关 实际=本周还没闯关
[E2E] S7演示学生C 正确率标黄规则 = 没作答或 <70% ✅ 期望=True 实际=True
[E2E] S7演示学生C 提醒按钮 = 非队长非本人（原型队长卡没有按钮） ✅ 期望=True 实际=True
[E2E] 宝箱块标题 = 进度百分比 ✅ 期望=🎁 小队宝箱进度 25% 实际=🎁 小队宝箱进度 25%
[E2E] 宝箱块说明 = 阈值 + 奖励（免作业券已废弃，一期只承诺真题卷） ✅ 期望=小队经验满 2000，全员解锁「2022 年真题卷」 实际=小队经验满 2000，全员解锁「2022 年真题卷」
[E2E] 宝箱块按钮「邀请同学入队 +」 ✅ 期望=邀请同学入队 + 实际=邀请同学入队 +
[E2E] 页尾有「退出小队」（原型没有；不加会变成只能进不能出） ✅ 期望=退出小队 实际=退出小队
[E2E] 点「邀请同学入队 +」后弹 toast ✅ 期望=True 实际=True
[E2E] toast 文案 = 队伍号即邀请码 ✅ 期望=把这句话发给同学就能入队 队伍号 11，一起冲小队宝箱 💪 实际=把这句话发给同学就能入队 队伍号 11，一起冲小队宝箱 💪
    · 截图 shot-full-toast-invite.png (390, 844)
[E2E] 点「提醒Ta」后 toast 出「已由队长发出提醒」（队长发起才这么写） ✅ 期望=True 实际=True
[E2E] toast 里带上被提醒人姓名 ✅ 期望=True 实际=True
[E2E] toast 里带默认话术（原型那句） ✅ 期望=True 实际=True
[E2E] 被提醒的那张卡按钮变「已提醒 ⏰」并禁用 ✅ 期望=('已提醒 ⏰', True) 实际=('已提醒 ⏰', True)
[E2E] 提醒落库：reminders 多了一行（点一次写一行） ✅ 期望=1 实际=1
    · 截图 shot-full-toast-remind.png (390, 844)
[E2E] 「一键提醒 N 名」计数随点击减少（剩余可提醒 = 接口 nudgeCount） ✅ 期望=True 实际=True
[E2E] 点「一键提醒」后按钮变「✓ 已全部提醒」 ✅ 期望=✓ 已全部提醒 实际=✓ 已全部提醒
[E2E] 一键提醒 toast 报出提醒了几人 ✅ 期望=True 实际=True
[E2E] 点完后所有非队长非本人卡都是「已提醒 ⏰」 ✅ 期望=True 实际=True
    · 截图 shot-full-toast-nudgeall.png (390, 844)
[E2E] 一键提醒后接口 nudgeCount = 0（本周提醒完了） ✅ 期望=0 实际=0
    · 截图 shot-full-top.png (390, 844)
    · 截图 shot-full-teamxp.png（元素级）(350, 70)
[E2E] 截图 shot-full-teamxp.png 尺寸合理（宽 ≤ 390 且不为空条） ✅ 期望=True 实际=True
    · 截图 shot-full-weeksum.png（元素级）(350, 69)
[E2E] 截图 shot-full-weeksum.png 尺寸合理（宽 ≤ 390 且不为空条） ✅ 期望=True 实际=True
    · 截图 shot-full-members.png（元素级）(350, 72)
[E2E] 截图 shot-full-members.png 尺寸合理（宽 ≤ 390 且不为空条） ✅ 期望=True 实际=True
    · 截图 shot-full-invite.png（元素级）(350, 132)
[E2E] 截图 shot-full-invite.png 尺寸合理（宽 ≤ 390 且不为空条） ✅ 期望=True 实际=True
    · 截图 shot-full-navbar.png（元素级）(390, 81)
[E2E] 截图 shot-full-navbar.png 尺寸合理（宽 ≤ 390 且不为空条） ✅ 期望=True 实际=True
    · 截图 shot-full-page.png（整页）(390, 975) · 内层容器内容高 855
[E2E] 整页截图 shot-full-page.png 宽 390 ✅ 期望=390 实际=390
[E2E] 整页截图 shot-full-page.png 覆盖内层容器全部内容（内容 855 px） ✅ 期望=True 实际=True
[E2E] 整页截图 shot-full-page.png 比一屏高（内容超一屏时确实拍全了） ✅ 期望=True 实际=True
[E2E] 浏览器控制台零错误 ✅ 期望=[] 实际=[]

队长视角真机核对完成：67 条断言 · 失败 0 条
