
########## 08 补打：三人按解锁链继续打（每关全对），直到小队宝箱解锁为止（轮数不预写死） ##########
    · 学生 S7A id=110
    · 学生 S7B id=111
    · 学生 S7C id=112
    · 学生 S7D id=113
    · 学生 S7E id=114
    · 补打前小队经验 450+45=495 / 2000
    · L25  第 1 关 · 高频词              状态=finished 计划对  5/5  服务端  5/5  星 3 XP 200 attempt=273
    · L25  第 1 关 · 高频词              状态=finished 计划对  5/5  服务端  5/5  星 3 XP 200 attempt=274
    · L25  第 1 关 · 高频词              状态=finished 计划对  5/5  服务端  5/5  星 3 XP 250 attempt=275
    · 第 1 轮补打后：小队经验 1100+110=1210 / 2000 · 进度 61% · 解锁 False
    · L26  第 2 关 · 语法陷阱             状态=finished 计划对  5/5  服务端  5/5  星 3 XP 200 attempt=276
    · L26  第 2 关 · 语法陷阱             状态=finished 计划对  5/5  服务端  5/5  星 3 XP 250 attempt=277
    · L26  第 2 关 · 语法陷阱             状态=finished 计划对  5/5  服务端  5/5  星 3 XP 250 attempt=278
    · 第 2 轮补打后：小队经验 1800+180=1980 / 2000 · 进度 99% · 解锁 False
    · L27  第 3 关 · 阅读速攻             状态=finished 计划对  5/5  服务端  5/5  星 3 XP 250 attempt=279
    · L27  第 3 关 · 阅读速攻             状态=finished 计划对  5/5  服务端  5/5  星 3 XP 250 attempt=280
    · L27  第 3 关 · 阅读速攻             状态=finished 计划对  5/5  服务端  5/5  星 3 XP 250 attempt=281
    · 第 3 轮补打后：小队经验 2550+255=2805 / 2000 · 进度 100% · 解锁 True
[SEED] 补打若干轮后宝箱解锁（解锁与否由接口状态决定，不预写轮数） ✅ 期望=True 实际=True
[SEED] 解锁前那一轮的进度确实没满（真的跨了阈值，不是一开始就满） ✅ 期望=True 实际=True

plan-topup.json 已写出（topup 模式的手算底稿）
