?   	cet46/server/cmd/import-users	[no test files]
?   	cet46/server/cmd/league-settle	[no test files]
?   	cet46/server/cmd/migrate	[no test files]
?   	cet46/server/cmd/qbank	[no test files]
?   	cet46/server/cmd/seed-teacher	[no test files]
?   	cet46/server/cmd/server	[no test files]
?   	cet46/server/cmd/shop-seed	[no test files]
ok  	cet46/server/internal/auth	1.619s
ok  	cet46/server/internal/config	0.634s
ok  	cet46/server/internal/database	2.127s
?   	cet46/server/internal/dto	[no test files]
ok  	cet46/server/internal/exam	0.598s
?   	cet46/server/internal/handler	[no test files]
?   	cet46/server/internal/jobs	[no test files]
?   	cet46/server/internal/middleware	[no test files]
ok  	cet46/server/internal/model	0.656s
?   	cet46/server/internal/pkg/apperror	[no test files]
?   	cet46/server/internal/pkg/response	[no test files]
ok  	cet46/server/internal/qbank	0.912s
ok  	cet46/server/internal/quiz	0.803s
ok  	cet46/server/internal/roster	0.896s
ok  	cet46/server/internal/router	55.454s
ok  	cet46/server/internal/service	16.292s
?   	cet46/server/internal/testsupport	[no test files]
