
########## 券种铺库：dry-run 不落库 → 真跑建 2 张 → 重跑幂等（无需改动） ##########
[CHECK] 自建班在库（02 步建过） ✅ 期望=1 实际=1
[dry-run] 班 57《S9商城验收班》5 人 → 免旷课券：880 XP / 限 1 张 / 库存 5
[dry-run] 班 57《S9商城验收班》5 人 → 免迟到券：300 XP / 限 3 张 / 库存 15
[CHECK] dry-run 计划里免旷课券 880/限1/库存5（5 人班） ✅ 期望=1 实际=1
[CHECK] dry-run 计划里免迟到券 300/限3/库存15 ✅ 期望=1 实际=1
[CHECK] dry-run 没落库（券种数与跑之前一样） ✅ 期望=0 实际=0
班 57《S9商城验收班》5 人 → 免旷课券：新建（880 XP / 限 1 张 / 库存 5）
班 57《S9商城验收班》5 人 → 免迟到券：新建（300 XP / 限 3 张 / 库存 15）
完成：新建 2，更新 0，无需改动 0，覆盖 1 个班。
[CHECK] 真跑：新建 2 张（首次铺库） ✅ 期望=1 实际=1
[CHECK] 库内券种 2 张 ✅ 期望=2 实际=2
[CHECK] 库内库存/限购/上架状态（300/3/15 与 880/1/5） ✅ 期望=300|3|15|1
880|1|5|1 实际=300|3|15|1
880|1|5|1
班 57《S9商城验收班》5 人 → 免旷课券：无需改动（880 XP / 限 1 张 / 库存 5）
班 57《S9商城验收班》5 人 → 免迟到券：无需改动（300 XP / 限 3 张 / 库存 15）
完成：新建 0，更新 0，无需改动 2，覆盖 1 个班。
[CHECK] 重跑幂等：无需改动 2 张 ✅ 期望=1 实际=1
[CHECK] 重跑没多出券种 ✅ 期望=2 实际=2
班 58《S9售罄验收班》1 人 → 免旷课券：新建（880 XP / 限 1 张 / 库存 1）
班 58《S9售罄验收班》1 人 → 免迟到券：新建（300 XP / 限 3 张 / 库存 3）
完成：新建 2，更新 0，无需改动 0，覆盖 1 个班。
[CHECK] 售罄班券种：1 人班库存 1 / 3 ✅ 期望=300|3
880|1 实际=300|3
880|1
[CHECK] 售罄班只铺了自己的班（主班券数没变） ✅ 期望=2 实际=2
