
--- 验收① 兑换闭环 E2E：真打关挣分 → 兑券 → 扣分/券码唯一/超库存/超限购/积分不足 ---
[S9] 免旷课券上架（880 分 / 限 1 张） ✅ 期望=[880, 1, 1] 实际=[880, 1, 1]
[S9] 免迟到券上架（300 分 / 限 3 张） ✅ 期望=[300, 3, 1] 实际=[300, 3, 1]
[S9] 免旷课券库存 = 人数 × 限购（5×1） ✅ 期望=5 实际=5
[S9] 免迟到券库存 = 人数 × 限购（5×3） ✅ 期望=15 实际=15
[S9] 首通结算 XP 与账本该次闯关净得一致 ✅ 期望=255 实际=255
    · S9A：摆位 2400 + 真打关 255 = 2655
[S9] 余额 = 摆位 + 真打关净得（余额唯一来源是账本） ✅ 期望=2655 实际=2655
[S9] 用户卡 XP = 账本聚合 ✅ 期望=2655 实际=2655
[S9] 商城只上架本班 2 张券（系统奖励券 cost_xp=0 不算商品） ✅ 期望=2 实际=2
[S9] 商城按券价升序：先 300 的免迟到券 ✅ 期望=免迟到券 实际=免迟到券
[S9] 券包初始为空 ✅ 期望=0 实际=0
[S9] 免迟到券的可兑状态（余额够 → 能兑） ✅ 期望={costXp=300, perUserLimit=3, owned=0, canRedeem=True, reject=} 实际={costXp=300, perUserLimit=3, owned=0, canRedeem=True, reject=}
[S9] 积分不足 → HTTP 400 ✅ 期望=400 实际=400
[S9] 积分不足 → 业务码 40011 ✅ 期望=40011 实际=40011
    · 回执文案：积分不足
[S9] 被拒的兑换不落券 ✅ 期望=0 实际=0
[S9] S9E 的商城按钮口径（前端灰按钮的依据） ✅ 期望={canRedeem=False, reject=not_enough_xp, rejectText=还差 880 分} 实际={canRedeem=False, reject=not_enough_xp, rejectText=还差 880 分}
[S9] 兑别班的券 → HTTP 404（不承认存在过） ✅ 期望=404 实际=404
[S9] 兑别班的券 → 业务码 40401 ✅ 期望=40401 实际=40401
[S9] 兑换回执扣分 = 券价 ✅ 期望=880 实际=880
[S9] 兑换回执余额 = 扣前 − 券价 ✅ 期望=1775 实际=1775
[S9] 兑换回执余额 = 账本聚合（当场可验） ✅ 期望=1775 实际=1775
[S9] 兑换回执库存 = 扣前 − 1 ✅ 期望=4 实际=4
[S9] 券码格式 C46-XXXXXXXX（去掉易混字符） ✅ 期望=True 实际=True
[S9] 回执状态 pending（待老师确认，系统不自动承诺） ✅ 期望=pending 实际=pending
[S9] 回执状态文案「待老师确认」 ✅ 期望=待老师确认 实际=待老师确认
[S9] 回执来源「商城兑换」 ✅ 期望=商城兑换 实际=商城兑换
[S9] 兑换写出的负流水（ref 指向券种） ✅ 期望={delta=-880, reason=shop_redeem, ref_type=coupon, ref_id=20} 实际={delta=-880, reason=shop_redeem, ref_type=coupon, ref_id=20}
[S9] 超每人限购 → HTTP 409 ✅ 期望=409 实际=409
[S9] 超每人限购 → 业务码 40903 ✅ 期望=40903 实际=40903
    · 回执文案：超过每人限兑张数
[S9] 第二张券的券码与第一张不同 ✅ 期望=True 实际=True
[S9] 两张券在用同一个券种的不同张数上（owned=1） ✅ 期望=1 实际=1
[S9] 券码全库唯一（条数 = 去重后条数） ✅ 期望=3 实际=3
[S9] S9A 券包 2 张（pending） ✅ 期望=2 实际=2
[S9] 两张券码都合规 ✅ 期望=2 实际=2
    · 免迟到券库存摆到 1（其余不动）
[S9] 买走最后一张后库存为 0 ✅ 期望=0 实际=0
[S9] 超库存 → HTTP 409 ✅ 期望=409 实际=409
[S9] 超库存 → 业务码 40902 ✅ 期望=40902 实际=40902
    · 回执文案：这个券已经被兑完了
[S9] 被拒的兑换不落券（S9D 无券） ✅ 期望=0 实际=0
[S9] 被拒的兑换不扣分（S9D 无 shop_redeem 流水） ✅ 期望=0 实际=0
[S9] 库存没有被扣成负数 ✅ 期望=0 实际=0
[S9] S9D 的商城按钮口径（售罄） ✅ 期望={canRedeem=False, reject=out_of_stock, rejectText=已兑完, stock=0} 实际={canRedeem=False, reject=out_of_stock, rejectText=已兑完, stock=0}
[S9] 售罄班库存 = 1 人 × 限购 3 ✅ 期望=3 实际=3
[S9] 连买 3 张的剩余库存 2/1/0（真配置兑穿） ✅ 期望=[2, 1, 0] 实际=[2, 1, 0]
[S9] 兑穿后再兑 → 业务码 40902 ✅ 期望=40902 实际=40902
[S9] S9Z 的商城按钮口径（真配置售罄、且自己已到限购） ✅ 期望={canRedeem=False, reject=out_of_stock, owned=3, stock=0} 实际={canRedeem=False, reject=out_of_stock, owned=3, stock=0}
[S9] S9A 券数与兑换负流水条数一致 ✅ 期望=2 实际=2
[S9] S9A 累计支出 = 880 + 300（手算表） ✅ 期望=1180 实际=1180
[S9] S9A 余额 = 收入 − 支出（账本自洽） ✅ 期望=1475 实际=1475
    · 写出 redeem-s9a.json
[S9] 本步断言 47 条，失败 0 条 —— 验收①

[S9] 合计断言 47 条，失败 0 条
