
########## 03 从第 10 周真题读 20 道阅读题（10 选词填空 + 10 段落匹配）→ 生成 19 列 CSV → 导入第 13 周演示单元 ##########
--- 03-0 按 HEX 从库里导出样题（hex 过管道不改写中文/换行）---
导出 20 行样题底账

--- 03-1 组装 19 列 CSV（表头列序 = 模板列序；正确答案写选项字母 A~P）---
写出 20 行数据（选词填空 10 + 段落匹配 10），表头 19 列，最大题干 6380 字
CSV 表头（19 列，列序 = 模板列序）：
  1:班级 | 2:单元序号 | 3:单元名称 | 4:关卡序号 | 5:关卡名称 | 6:关卡类型 | 7:限时(分钟) | 8:是否Boss | 9:备考目标 | 10:题型 | 11:题干 | 12:选项 | 13:正确答案 | 14:考点 | 15:解析 | 16:听力原文 | 17:知识点 | 18:难度 | 19:启用
[CHECK] CSV 记录数 20 条（不含表头，按 csv 记录数算而非物理行数） ✅ 期望=20 实际=20

--- 03-2 上传导入（POST /api/admin/import-questions，multipart 字段 file）---
created = 20 | skipped = 0 | total = 20 | 坏行 = 0 | 新建单元 = 1 | 新建关卡 = 2 | 该班可玩题数 = 193
[CHECK] 导入成功 20 题、零坏行、自动建 1 单元 2 关卡 ✅ 期望=20|0|1|2 实际=20|0|1|2

--- 03-3 学生视角：演示单元与两个关卡（题目本体来自真题，题量 10/10）---
1	阅读 · 选词填空（第 10 周真题）	10	1584	1584
2	阅读 · 段落匹配（第 10 周真题）	10	6284	6380
演示关卡：选词填空 levelId=73，段落匹配 levelId=74
[CHECK] 入库 20 题：题型分布（选词填空/段落匹配） ✅ 期望=10/10 实际=10/10
[CHECK] 入库 20 题：分套全是四级 ✅ 期望=20 实际=20

--- 03-4 验收④入库无损：本题库与第 10 周真题逐题比对（题干 MD5 / 答案序列 / 选项 MD5）---
[CHECK] 20 题逐题与真题一致（题干/答案/选项三项 MD5 全等） ✅ 期望=0 实际=0
[CHECK] 最长题干 >= 5800 字（任务书口径，实为真题最长的一条） ✅ 期望=1 实际=1
[CHECK] 最长题干与原题完全等长 ✅ 期望=6380 实际=6380
