
########## 05 验收②-a：选词填空作答（4 题：2 对 2 错）→ 判分落 attempt_answers（题库坐标）+ 进错题本 ##########
--- 05-0 组作答：正确答案用「真题答案词在展示数组里的下标」定位（前 2 题答对、后 2 题故意答错）---
组好 4 题作答（题号 [613, 614, 615, 616]），期望落库（题库坐标|对错）：
    613|13|1
    614|8|1
    615|14|0
    616|4|0

--- 05-1 提交（POST /api/quiz/submit）---
[CHECK] 提交 200 ✅ 期望=[HTTP 200] 实际=[HTTP 200]
status = in_progress | 进度 = {'answered': 4, 'correct': 2, 'wrong': 2, 'total': 10, 'livesLeft': 1, 'streak': 0}
逐题回执：
  题 613 | 对= True | 对了几空 = 1 / 1 | 我提交（展示坐标）= 1 | 正确（展示坐标）= 1 | 基础/速度/连击 = 20 0 0 | 连击数 = 1
  题 614 | 对= True | 对了几空 = 1 / 1 | 我提交（展示坐标）= 9 | 正确（展示坐标）= 9 | 基础/速度/连击 = 20 0 5 | 连击数 = 2
  题 615 | 对= False | 对了几空 = 0 / 1 | 我提交（展示坐标）= 4 | 正确（展示坐标）= 3 | 基础/速度/连击 = 0 0 0 | 连击数 = 0
  题 616 | 对= False | 对了几空 = 0 / 1 | 我提交（展示坐标）= 10 | 正确（展示坐标）= 9 | 基础/速度/连击 = 0 0 0 | 连击数 = 0

--- 05-2 判分口径断言 ---
[CHECK] feedback 4 条：2 对 2 错 ✅ 期望=2/2 实际=2/2
[CHECK] 单空题型：seqLen 恒为 1，答对 matched=1、答错 matched=0 ✅ 期望=2/2:1,1:0,0 实际=2/2:1,1:0,0
[CHECK] XP 三段：基础 2×20=40、速度 0（未上报耗时）、连击 0+5=5 ✅ 期望=40/0/5 实际=40/0/5
[CHECK] 答错不给基础分（半对/全错 0 分口径与阅读题一致） ✅ 期望=0 实际=0

--- 05-3 落库断言：attempt_answers 用题库坐标（跨学生可比）---
613	13	1
614	8	1
615	14	0
616	4	0
[CHECK] attempt_answers 4 行与期望逐行一致（题库坐标 + 对错） ✅ 期望=一致 ✅ 实际=一致 ✅

--- 05-4 错题本断言：只有答错的 2 题进本、答对的 2 题不进 ---
615	cloze	1	0
616	cloze	1	0
[CHECK] 错题本 2 行、合计错次 2、已掌握 0 ✅ 期望=2/2/0 实际=2/2/0
[CHECK] 错题本里的题号 = 我答错的那 2 题 ✅ 期望=615,616 实际=615,616
[CHECK] 答对的 2 题不在错题本 ✅ 期望=0 实际=0

--- 05-5 账本权威：学生总分 == SELECT SUM(delta) FROM xp_ledger ---
[CHECK] 本次入账 45 分（2 题基础 40 + 连击 5） ✅ 期望=45 实际=45
[CHECK] 接口回执的学生总分 == 账本求和 ✅ 期望=45 实际=45
