
########## 08 听力原文闭环：19 列带「听力原文」入库 → 卷面不下发 → 答完回执下发；老 18 列把原文塞解析也能自动拆列 ##########
--- 08-0 生成并导入 19 列听力题（第 14 周演示单元第 1 关）---
19 列听力题 fixture 写出：C:\Users\dfjq\Documents\Obsidian Vault\Projects\四六级游戏化课堂\evidence\S4-2026-09-24/fixture-listening-19.csv（听力原文 121 字）
created = 1 | 坏行 = 0 | 新建单元 = 1 | 新建关卡 = 1
[CHECK] 19 列文件导入成功（有「听力原文」列） ✅ 期望=1|0 实际=1|0
[CHECK] 听力原文落库（与 CSV 里的原文逐字节一致） ✅ 期望=b5a6ed5614911f6da35801cea50f5bfd 实际=b5a6ed5614911f6da35801cea50f5bfd
[CHECK] 19 列导入：解析列原样入库（没有被原文块污染） ✅ 期望=MD5一致 实际=MD5一致

--- 08-1 卷面不下发原文（取卷时看不到 script 字段）---
[CHECK] 取卷 200 ✅ 期望=[HTTP 200] 实际=[HTTP 200]
卷面题目键 = ['id', 'type', 'stem', 'options']
[CHECK] 卷面不含 script 字段（答前下发等于送答案） ✅ 期望=0 实际=0

--- 08-2 答完回执下发原文（与解析一起给）---
答对听力题（展示坐标）= [1]
isCorrect = True | 回执里的听力原文 = "W: Good morning. I'd like to open a savings account, please.\nM: Certainly. May I see your ID card and a proof of address?"
回执里的解析 = 'W 开头想开储蓄账户，M 请她出示证件与地址证明。'
[CHECK] 答完回执带着听力原文（与库里一致） ✅ 期望=b5a6ed5614911f6da35801cea50f5bfd 实际=b5a6ed5614911f6da35801cea50f5bfd
[CHECK] 答完回执带着解析（即时反馈口径不变） ✅ 期望=1 实际=1

--- 08-3 老 18 列文件（无「听力原文」列，原文塞在解析开头）→ 自动拆列 ---
18 列老文件 fixture 写出：C:\Users\dfjq\Documents\Obsidian Vault\Projects\四六级游戏化课堂\evidence\S4-2026-09-24/fixture-legacy18.csv（表头 18 列，解析列以「【听力原文】」开头）
created = 1 | 坏行 = 0 | 新建关卡 = 1 （老文件少一列不该报错）
[CHECK] 老 18 列文件照常导入（缺「听力原文」列不报错） ✅ 期望=1|0 实际=1|0
拆列结果：
*************************** 1. row ***************************
M: The train leaves at eight, so we should be at the station by half past seven.
【解析】
男孩说八点发车、七点半到站，故选 B。
[CHECK] 解析列开头的【听力原文】块被拆进 script 列 ✅ 期望=1 实际=1
[CHECK] 解析列只剩【解析】块（没有原文重复） ✅ 期望=1 实际=1

--- 08-4 老 18 列普通题（解析里没有原文块）→ 不报错、script 留空 ---
18 列普通题 fixture 写出：C:\Users\dfjq\Documents\Obsidian Vault\Projects\四六级游戏化课堂\evidence\S4-2026-09-24/fixture-legacy18-plain.csv
[CHECK] 老 18 列普通题导入成功、script 留空 ✅ 期望=1|0|1 实际=1|0|1
