
########## 13 scripts/verify.sh（gofmt + go vet + go test + go build + eslint + 前端构建） ##########

==================================================
== server: gofmt 检查
==================================================
gofmt 通过（无未格式化文件）

==================================================
== server: go vet
==================================================

==================================================
== server: go test
==================================================
?   	cet46/server/cmd/import-users	[no test files]
?   	cet46/server/cmd/migrate	[no test files]
?   	cet46/server/cmd/qbank	[no test files]
?   	cet46/server/cmd/seed-teacher	[no test files]
?   	cet46/server/cmd/server	[no test files]
ok  	cet46/server/internal/auth	(cached)
ok  	cet46/server/internal/config	(cached)
ok  	cet46/server/internal/database	(cached)
?   	cet46/server/internal/dto	[no test files]
?   	cet46/server/internal/handler	[no test files]
?   	cet46/server/internal/middleware	[no test files]
ok  	cet46/server/internal/model	(cached)
?   	cet46/server/internal/pkg/apperror	[no test files]
?   	cet46/server/internal/pkg/response	[no test files]
ok  	cet46/server/internal/qbank	(cached)
ok  	cet46/server/internal/quiz	(cached)
ok  	cet46/server/internal/roster	(cached)
ok  	cet46/server/internal/router	(cached)
ok  	cet46/server/internal/service	(cached)
?   	cet46/server/internal/testsupport	[no test files]

==================================================
== server: go build
==================================================

==================================================
== web: eslint
==================================================

==================================================
== web: 构建（含 typecheck）
==================================================

> cet46-web@0.1.0 build
> npm run typecheck && vite build


> cet46-web@0.1.0 typecheck
> vue-tsc --noEmit

[36mvite v7.3.6 [32mbuilding client environment for production...[36m[39m
transforming...
[32m✓[39m 1960 modules transformed.
rendering chunks...
computing gzip size...
[2mdist/[22m[32mindex.html                                    [39m[1m[2m  0.36 kB[22m[1m[22m[2m │ gzip:   0.27 kB[22m
[2mdist/[22m[32mt.html                                        [39m[1m[2m  0.51 kB[22m[1m[22m[2m │ gzip:   0.37 kB[22m
[2mdist/[22m[32ms.html                                        [39m[1m[2m  0.63 kB[22m[1m[22m[2m │ gzip:   0.42 kB[22m
[2mdist/[22m[35massets/s-DGB4MpZu.css                         [39m[1m[2m199.10 kB[22m[1m[22m[2m │ gzip:  53.22 kB[22m
[2mdist/[22m[35massets/t-CO82fVIg.css                         [39m[1m[2m361.04 kB[22m[1m[22m[2m │ gzip:  48.20 kB[22m
[2mdist/[22m[36massets/_plugin-vue_export-helper-BKLl6tLD.js  [39m[1m[2m160.48 kB[22m[1m[22m[2m │ gzip:  61.41 kB[22m
[2mdist/[22m[36massets/s-CUvZawtV.js                          [39m[1m[2m220.78 kB[22m[1m[22m[2m │ gzip:  78.74 kB[22m
[2mdist/[22m[36massets/t-1_jp3HoE.js                          [39m[1m[33m917.69 kB[39m[22m[2m │ gzip: 296.14 kB[22m
[33m
(!) Some chunks are larger than 500 kB after minification. Consider:
- Using dynamic import() to code-split the application
- Use build.rollupOptions.output.manualChunks to improve chunking: https://rollupjs.org/configuration-options/#output-manualchunks
- Adjust chunk size limit for this warning via build.chunkSizeWarningLimit.[39m
[32m✓ built in 8.39s[39m

==== 全部检查通过 ====
verify.sh 退出码: 0
