
########## 00 前置：MySQL 3307 现状 + 本阶段要动的五张表起点（应为全 0） ##########
8.4.8
52	4	4	24	206	0	0	0	0	0

--- 演示班级 2024级英语1班 的关卡底账（4 个单元：第 3/9/10/11 周；9/10/11 周只有四级题）---
3	1	第 1 关 · 高频词	vocab	480	0	5	5
3	2	第 2 关 · 语法陷阱	grammar	480	0	5	5
3	3	第 3 关 · 阅读速攻	reading	540	0	5	5
3	4	第 4 关 · 阅读进阶	reading	540	0	5	5
3	5	第 5 关 · 词汇复盘	review	480	0	5	5
3	6	单元 Boss · 真题混合卷	boss	720	1	8	8
9	1	听力 · 新闻 3 篇	reading	480	0	7	0
9	2	听力 · 长对话 2 篇	reading	480	0	8	0
9	3	听力 · 篇章 3 篇	reading	600	0	10	0
9	4	阅读 · 选词填空	reading	480	0	10	0
9	5	阅读 · 段落匹配	reading	600	0	10	0
9	6	阅读 · 仔细阅读（一）	reading	480	0	5	0
9	7	阅读 · 仔细阅读（二）	reading	480	0	5	0
10	1	听力 · 新闻 3 篇	reading	480	0	7	0
10	2	听力 · 长对话 2 篇	reading	480	0	8	0
10	3	听力 · 篇章 3 篇	reading	600	0	10	0
10	4	阅读 · 选词填空	reading	480	0	10	0
10	5	阅读 · 段落匹配	reading	600	0	10	0
10	6	阅读 · 仔细阅读（一）	reading	480	0	5	0
10	7	阅读 · 仔细阅读（二）	reading	480	0	5	0
11	1	阅读 · 选词填空	reading	480	0	10	0
11	2	阅读 · 段落匹配	reading	600	0	10	0
11	3	阅读 · 仔细阅读（一）	reading	480	0	5	0
11	4	阅读 · 仔细阅读（二）	reading	480	0	5	0

--- 演示关卡 37：match 题型，答案下标可从题库读出（脚本据此扮演「知道答案的学生」）---
376	2	12
377	8	12
378	4	12
379	11	12
380	0	12
381	5	12
382	9	12
383	1	12
384	3	12
385	6	12

--- 幂等清理：先删掉上一轮可能残留的演示学生及其流水、以及 08b 自建的演示单元 ---
清理后演示学生数（应为 0）：0
清理后单元/关卡/题目数（应为 4/24/206）：4/24/206
