
########## 04 验收⑥：关卡列表带「题量 + 预计分钟」，解锁链线性，分套过滤正确 ##########
--- 04-0 四级学生 S3V4（第 3 周 6 关 + 9/10/11 周四级真题）---
xpTotal = 0 | recommendedLevelId = 25 | 关卡数 = 24
  周   序  关卡                            题量  预告分钟  解锁  通关   星  打过  首刷
    3    1  第 1 关 · 高频词                      5         7     ✅     否    0     1  —
    3    2  第 2 关 · 语法陷阱                     5         7     🔒     否    0     0  —
    3    3  第 3 关 · 阅读速攻                     5         7     🔒     否    0     0  —
    3    4  第 4 关 · 阅读进阶                     5         7     🔒     否    0     0  —
    3    5  第 5 关 · 词汇复盘                     5         7     🔒     否    0     0  —
    3    6  单元 Boss · 真题混合卷                  8        10     🔒     否    0     0  —
    9    1  听力 · 新闻 3 篇                      7         9     ✅     否    0     0  —
    9    2  听力 · 长对话 2 篇                     8        10     🔒     否    0     0  —
    9    3  听力 · 篇章 3 篇                     10        12     🔒     否    0     0  —
    9    4  阅读 · 选词填空                       10        12     🔒     否    0     0  —
    9    5  阅读 · 段落匹配                       10        12     🔒     否    0     0  —
    9    6  阅读 · 仔细阅读（一）                     5         7     🔒     否    0     0  —
    9    7  阅读 · 仔细阅读（二）                     5         7     🔒     否    0     0  —
   10    1  听力 · 新闻 3 篇                      7         9     ✅     否    0     0  —
   10    2  听力 · 长对话 2 篇                     8        10     🔒     否    0     0  —
   10    3  听力 · 篇章 3 篇                     10        12     🔒     否    0     0  —
   10    4  阅读 · 选词填空                       10        12     🔒     否    0     0  —
   10    5  阅读 · 段落匹配                       10        12     🔒     否    0     0  —
   10    6  阅读 · 仔细阅读（一）                     5         7     🔒     否    0     0  —
   10    7  阅读 · 仔细阅读（二）                     5         7     🔒     否    0     0  —
   11    1  阅读 · 选词填空                       10        12     ✅     否    0     0  —
   11    2  阅读 · 段落匹配                       10        12     🔒     否    0     0  —
   11    3  阅读 · 仔细阅读（一）                     5         7     🔒     否    0     0  —
   11    4  阅读 · 仔细阅读（二）                     5         7     🔒     否    0     0  —
--- 单元合计（题目量 / 预告分钟）---
  第  3 周 校园生活：6 关 / 33 题 / 约 45 分钟 / 已通关 0
  第  9 周 2026年6月四级真题（第1套）：7 关 / 55 题 / 约 69 分钟 / 已通关 0
  第 10 周 2026年6月四级真题（第2套）：7 关 / 55 题 / 约 69 分钟 / 已通关 0
  第 11 周 2026年6月四级真题（第3套）：4 关 / 30 题 / 约 38 分钟 / 已通关 0

--- 04-1 六级学生 S3V6（同一批关卡，题量按自身分套算：9/10/11 周只有四级题 → 0 题）---
xpTotal = 0 | recommendedLevelId = 25 | 关卡数 = 24
  周   序  关卡                            题量  预告分钟  解锁  通关   星  打过  首刷
    3    1  第 1 关 · 高频词                      5         7     ✅     否    0     0  —
    3    2  第 2 关 · 语法陷阱                     5         7     🔒     否    0     0  —
    3    3  第 3 关 · 阅读速攻                     5         7     🔒     否    0     0  —
    3    4  第 4 关 · 阅读进阶                     5         7     🔒     否    0     0  —
    3    5  第 5 关 · 词汇复盘                     5         7     🔒     否    0     0  —
    3    6  单元 Boss · 真题混合卷                  8        10     🔒     否    0     0  —
    9    1  听力 · 新闻 3 篇                      0         4     🔒     否    0     0  —
    9    2  听力 · 长对话 2 篇                     0         4     🔒     否    0     0  —
    9    3  听力 · 篇章 3 篇                      0         4     🔒     否    0     0  —
    9    4  阅读 · 选词填空                        0         4     🔒     否    0     0  —
    9    5  阅读 · 段落匹配                        0         4     🔒     否    0     0  —
    9    6  阅读 · 仔细阅读（一）                     0         4     🔒     否    0     0  —
    9    7  阅读 · 仔细阅读（二）                     0         4     🔒     否    0     0  —
   10    1  听力 · 新闻 3 篇                      0         4     🔒     否    0     0  —
   10    2  听力 · 长对话 2 篇                     0         4     🔒     否    0     0  —
   10    3  听力 · 篇章 3 篇                      0         4     🔒     否    0     0  —
   10    4  阅读 · 选词填空                        0         4     🔒     否    0     0  —
   10    5  阅读 · 段落匹配                        0         4     🔒     否    0     0  —
   10    6  阅读 · 仔细阅读（一）                     0         4     🔒     否    0     0  —
   10    7  阅读 · 仔细阅读（二）                     0         4     🔒     否    0     0  —
   11    1  阅读 · 选词填空                        0         4     🔒     否    0     0  —
   11    2  阅读 · 段落匹配                        0         4     🔒     否    0     0  —
   11    3  阅读 · 仔细阅读（一）                     0         4     🔒     否    0     0  —
   11    4  阅读 · 仔细阅读（二）                     0         4     🔒     否    0     0  —
--- 单元合计（题目量 / 预告分钟）---
  第  3 周 校园生活：6 关 / 33 题 / 约 45 分钟 / 已通关 0
  第  9 周 2026年6月四级真题（第1套）：7 关 / 0 题 / 约 28 分钟 / 已通关 0
  第 10 周 2026年6月四级真题（第2套）：7 关 / 0 题 / 约 28 分钟 / 已通关 0
  第 11 周 2026年6月四级真题（第3套）：4 关 / 0 题 / 约 16 分钟 / 已通关 0

--- 04-2 逐条校验（四级学生）---
第 3 周第 1 关（题量 5 / 预告 7 分钟 / 解锁 / 未通关 / 无首刷）：
[CHECK] 第 1 关题量=5 ✅ 期望=5 实际=5
[CHECK] 第 1 关预告=7 分钟（题数+2） ✅ 期望=7 实际=7
[CHECK] 第 1 关已解锁 ✅ 期望=True 实际=True
[CHECK] 第 2 关锁着（线性链：前一关未通关） ✅ 期望=False 实际=False
[CHECK] Boss 关题量=8、预告=10 分钟 ✅ 期望=8/10 实际=8/10
[CHECK] 开局 xpTotal=0 ✅ 期望=0 实际=0
[CHECK] 第 1 关首刷成绩为空（还没打过，python 空值显示 None） ✅ 期望=None 实际=None

--- 04-3 逐条校验（六级学生：第 3 周每关 5 题，9/10/11 周 0 题不参与链条）---
[CHECK] 六级学生第 3 周第 1 关题量=5 ✅ 期望=5 实际=5
[CHECK] 六级学生第 9 周第 1 关题量=0（该套无六级题） ✅ 期望=0 实际=0
[CHECK] 空关卡不解锁（地图置灰，不参与链条） ✅ 期望=False 实际=False
[CHECK] 六级学生的第 3 周第 2 关仍锁着 ✅ 期望=False 实际=False

第 3 周单元合计（四级 33 题 / 约 45 分钟）：
  weekNo = 3 | name = 校园生活 | 关卡数 = 6 | 题目量 = 33 | 预告 = 45 分钟 | 已通关 = 0
