
########## 06 验收⑤：重刷 10/10 刷新星级，但首刷成绩（联赛/平时成绩口径）仍是 8/10 ##########
重刷 attemptId = 35 | seed = 737639124894389635 | resumed = False （新 attempt、新 seed）
status = finished | 星级 = 3 | 710 分制 = 0 | 本次 XP = 475 | 总分 = 805 | 首刷 = False | 重刷 = True
XP 明细： [('答题基础分', 200), ('连击加成', 225), ('通关奖励', 30), ('三星奖励', 20)]
验收④ 铺垫：4 道原本没答对的题，重刷后回执 learned（原本是错题 → 已掌握）： [(384, True), (385, True)]
[CHECK] 重刷 10/10 → 三星 ✅ 期望=3 实际=3
[CHECK] 重刷 10/10 → 正确率 1（首刷 0.8 → 重刷 1.0，成绩单口径的 80/100） ✅ 期望=1 实际=1
[CHECK] 重刷本次 XP = 200+225+30+20 = 475 ✅ 期望=475 实际=475
[CHECK] 两次合计总分 = 805 ✅ 期望=805 实际=805
[CHECK] 重刷标记 replay=true ✅ 期望=True 实际=True

--- 06-1 验收⑤ 核心：首刷成绩仍是最小 id 的那条 finished（8/10、两星、568 分口径）---
该关：通关 = True | 星级 = 3 （取历史最好）| 打过 = 2 次
首刷成绩（联赛/平时成绩只认这条）：attemptId = 34 | 8 / 10 | 2 星 | 结束于 2026-09-23T18:29:49+08:00
xpTotal = 805
[CHECK] 星级刷新到 3（max 口径） ✅ 期望=3 实际=3
[CHECK] 首刷仍是第一条 finished（8/10） ✅ 期望=8/10 实际=8/10
[CHECK] 首刷 attemptId 仍是第一次那条 ✅ 期望=34 实际=34
[CHECK] 重刷是另一条 attempt ✅ 期望=True 实际=True

--- 06-2 验收④：错题本收录 + 重刷答对后标记已掌握 ---
39	265	1	0	2026-09-23 18:29:47.099
40	384	1	1	2026-09-23 18:29:49.927
41	385	1	1	2026-09-23 18:29:49.927
3	3	2
首刷答错的题目 id：384,385（03 号日志的断点探针也答错 1 题，所以错题本总条目 = 这两题 + 探针那题）
[CHECK] 首刷答错的 2 题都进了错题本 ✅ 期望=2 实际=2
[CHECK] 重刷全对后这 2 题标记已掌握 ✅ 期望=2 实际=2
