
########## 08b 实清：自建第 12 周演示单元（匹配关 5 题 + Boss 卷 8 题）→ 线性解锁链 + 710 分制 + 速度加成三边界 ##########
--- 08b-0 建单元 + 2 关 + 13 题（band=4、match、答案下标 0）---
演示单元 unitId=13；匹配关（第 1 关）=57，5 题、限时 300 秒；Boss 卷（第 2 关）=58，8 题、限时 720 秒

--- 08b-1 学生视角：演示单元出现，第 1 关开放、第 2 关还锁着（同一单元内的线性链）---
  第 12 周第 1 关 演示关 · 匹配热身 ：题量= 5 预告= 7 分 解锁= True 通关= False
  第 12 周第 2 关 演示 Boss 卷 ：题量= 8 预告= 10 分 解锁= False 通关= False
  xpTotal = 805
[CHECK] 演示单元第 1 关开放 ✅ 期望=True 实际=True
[CHECK] 演示单元第 2 关锁着（前一关没通关） ✅ 期望=False 实际=False
[CHECK] 演示单元第 1 关题量 5、预告 7 分钟 ✅ 期望=5/7 实际=5/7
[CHECK] 演示单元 Boss 关题量 8、预告 10 分钟 ✅ 期望=8/10 实际=8/10

--- 08b-2 真通关第 1 关 5/5，并按 §6 上报三组耗时：秒答 0ms→速度+10、压线 60000ms→0、超时 90000ms→0 ---
        （本题限时 = time_limit 300 ÷ 题数 5 = 60 秒；第 4、5 题不上报耗时 → nil，按 0 分算）
status = finished | 星级 = 3 | 正确率 = 1 | 本次 XP = 210 | 总分 = 1015
XP 明细： [('答题基础分', 100), ('速度加成', 10), ('连击加成', 50), ('通关奖励', 30), ('三星奖励', 20)]
期望：基础 100 + 速度 10（只有秒答那题给分）+ 连击 50 + 通关 30 + 三星 20 = 210；总分 805+210 = 1015
[CHECK] 演示关 5/5 → 三星 ✅ 期望=3 实际=3
[CHECK] 速度加成合计 = 10（秒答 +10、压线 0、超时 0、未上报 0） ✅ 期望=10 实际=10
[CHECK] 本次 XP = 210 ✅ 期望=210 实际=210
[CHECK] 通关后总分 = 805+210 = 1015 ✅ 期望=1015 实际=1015

--- 08b-3 通关后同单元第 2 关解锁（真通关驱动的线性链）---
  第 12 周第 1 关 演示关 · 匹配热身 ：解锁= True 通关= True 星= 3 打过= 1 首刷= 5/5
  第 12 周第 2 关 演示 Boss 卷 ：解锁= True 通关= False 星= 0 打过= 0 首刷= —
[CHECK] 通关后第 2 关解锁 ✅ 期望=True 实际=True

--- 08b-4 Boss 卷满分 8/8：710 分制成绩单 + 答对×25 + 满分 50（Boss 不重复计基础/速度/连击/三星）---
status = finished | isBoss = True | 星级 = 3 | 正确率 = 1 | 710 分制 = 710 | 本次 XP = 250 | 总分 = 1265
XP 明细： [('Boss 答对', 200), ('Boss 满分奖励', 50)] （8 题×25=200 + 满分 50 = 250）
[CHECK] Boss 满分 → 710 分制成绩单 710 ✅ 期望=710 实际=710
[CHECK] Boss 满分 → 本次 XP 250 ✅ 期望=250 实际=250
[CHECK] Boss 满分后总分 = 1015+250 = 1265 ✅ 期望=1265 实际=1265

--- 08b-5 Boss 卷二刷 6/8：710×0.75 = 532.5 → 533；答题分 6×25 = 150；没有满分奖励 ---
status = finished | 星级 = 2 | 正确率 = 0.75 | 710 分制 = 533 | 本次 XP = 150 | 总分 = 1415 | 首刷 = False | 重刷 = True
XP 明细： [('Boss 答对', 150)]
[CHECK] Boss 6/8 → 533 分（0.75×710 四舍五入） ✅ 期望=533 实际=533
[CHECK] Boss 6/8 → 本次 XP 150（无满分奖励） ✅ 期望=150 实际=150
[CHECK] Boss 6/8 → 两星 ✅ 期望=2 实际=2
[CHECK] Boss 二刷标记 replay=true ✅ 期望=True 实际=True
[CHECK] Boss 二刷后总分 = 1265+150 = 1415 ✅ 期望=1415 实际=1415
[CHECK] Boss 首刷仍是满分那条（重刷不覆盖首刷） ✅ 期望=38 实际=38
