
########## 05 验收①②③（页面侧）：真浏览器 390×844 打开档案页，页面画出来的数逐项对齐接口回执 + 截图 ##########
    · 已登录 S65A 并进入学生端
    · 截图 shot-s65-map.png (390, 844)
[E2E] 页面加载时真的请求了 /api/profile/overview 并 200 ✅ 期望=True 实际=True
[E2E] 页面上出现提醒条（专题已结束 + 有未掌握错题） ✅ 期望=True 实际=True
[E2E] 提醒条文案 = 接口 push.message ✅ 期望=「校园生活」已通关，还有 4 道错题没补回来，来复盘吧 实际=「校园生活」已通关，还有 4 道错题没补回来，来复盘吧
[E2E] 提醒条标题是「该复盘了」 ✅ 期望=📌 该复盘了 实际=📌 该复盘了
[E2E] 底部「我的」Tab 有红点（hasPending=true） ✅ 期望=True 实际=True
[E2E] 底部导航四项且「我的」高亮 ✅ 期望=True 实际=True
[E2E] XP 条写明总额与级内进度 ✅ 期望=True 实际=True
[E2E] 概览四格（数值+标题）= 接口 summary ✅ 期望=[('8875', '总 XP'), ('4/4', '已通关'), ('183', '作答'), ('98%', '正确率')] 实际=[('8875', '总 XP'), ('4/4', '已通关'), ('183', '作答'), ('98%', '正确率')]
[E2E] 六边形六根轴都有中文名 ✅ 期望=['词汇', '语法', '阅读', '听力', '翻译', '写作'] 实际=['词汇', '语法', '阅读', '听力', '翻译', '写作']
[E2E] 六维明细（名称+对/总）= 接口 dims ✅ 期望=[('词汇', '12/15'), ('语法', '10/11'), ('阅读', '106/106'), ('听力', '50/50'), ('翻译', '1/1'), ('写作', '暂无数据')] 实际=[('词汇', '12/15'), ('语法', '10/11'), ('阅读', '106/106'), ('听力', '50/50'), ('翻译', '1/1'), ('写作', '暂无数据')]
[E2E] 已覆盖维度数写在副标题上 ✅ 期望=已覆盖 5/6 维 实际=已覆盖 5/6 维
[E2E] 画像档次标签 = 接口 level ✅ 期望=扎实 实际=扎实
[E2E] 无数据维在雷达图上标「—」（不是 0%） ✅ 期望=— 实际=—
[E2E] 雷达轴「词汇」百分比 = 接口正确率 ✅ 期望=80% 实际=80%
[E2E] 维度条「词汇」宽度 = 正确率 ✅ 期望=80% 实际=80%
[E2E] 雷达轴「语法」百分比 = 接口正确率 ✅ 期望=91% 实际=91%
[E2E] 维度条「语法」宽度 = 正确率 ✅ 期望=91% 实际=91%
[E2E] 雷达轴「阅读」百分比 = 接口正确率 ✅ 期望=100% 实际=100%
[E2E] 维度条「阅读」宽度 = 正确率 ✅ 期望=100% 实际=100%
[E2E] 雷达轴「听力」百分比 = 接口正确率 ✅ 期望=100% 实际=100%
[E2E] 维度条「听力」宽度 = 正确率 ✅ 期望=100% 实际=100%
[E2E] 雷达轴「翻译」百分比 = 接口正确率 ✅ 期望=100% 实际=100%
[E2E] 维度条「翻译」宽度 = 正确率 ✅ 期望=100% 实际=100%
[E2E] 雷达轴「写作」百分比 = 接口正确率 ✅ 期望=— 实际=—
[E2E] 维度条「写作」宽度 = 正确率 ✅ 期望=0% 实际=0%
[E2E] 曲线横轴 8 个标签 = 接口 week.label ✅ 期望=['8/3', '8/10', '8/17', '8/24', '8/31', '9/7', '9/14', '9/21'] 实际=['8/3', '8/10', '8/17', '8/24', '8/31', '9/7', '9/14', '9/21']
[E2E] 曲线副标题（近 8 周汇总）= 接口每周数据求和 ✅ 期望=近 8 周：闯关 23 次 · 作答 168 题 · 正确率 98% · 净得 8625 XP 实际=近 8 周：闯关 23 次 · 作答 168 题 · 正确率 98% · 净得 8625 XP
[E2E] 每周 XP 柱 8 根（含 0 值的周也画） ✅ 期望=8 实际=8
[E2E] 有负值周时柱子用 neg 样式（失败撤销那一周要看得出来） ✅ 期望=True 实际=True
[E2E] 没有练习的周柱子高度为 0（画 0 而不是不画） ✅ 期望=True 实际=True
[E2E] 错题本分组数 = 接口 groups ✅ 期望=1 实际=1
[E2E] 错题本角标 = 待复盘题数 ✅ 期望=4 题待复盘 实际=4 题待复盘
[E2E] 组「校园生活」标题 = UNIT 周次 · 单元名 ✅ 期望=UNIT 3 · 校园生活 实际=UNIT 3 · 校园生活
[E2E] 组「校园生活」状态 chip = 本专题已结束 ✅ 期望=本专题已结束 实际=本专题已结束
[E2E] 组「校园生活」计数行 = 未掌握/已掌握 ✅ 期望=未掌握 4 · 已掌握 0 实际=未掌握 4 · 已掌握 0
[E2E] 组「校园生活」默认只展开前 3 条（长专题不撑爆一屏） ✅ 期望=3 实际=3
[E2E] 组「校园生活」展开按钮文案 ✅ 期望=展开全部 4 条 实际=展开全部 4 条
[E2E] 组「校园生活」第 1 条题型徽标 = 中文题型名（页面按自己的标签表本地化） ✅ 期望=词汇 实际=词汇
[E2E] 组「校园生活」第 1 条题干摘要 = 接口 stem ✅ 期望=真题风格：The government has decided to ____ the reform measures immediately. 实际=真题风格：The government has decided to ____ the reform measures immediately.
[E2E] 组「校园生活」第 1 条出错日期 = lastAt 前 10 位 ✅ 期望=2026-09-24 实际=2026-09-24
[E2E] 组「校园生活」第 1 条显示「错 N 次」 ✅ 期望=错 1 次 实际=错 1 次
[E2E] 组「校园生活」第 2 条题型徽标 = 中文题型名（页面按自己的标签表本地化） ✅ 期望=词汇 实际=词汇
[E2E] 组「校园生活」第 2 条题干摘要 = 接口 stem ✅ 期望=复习关来了——这些是你前面关卡最容易错的词： ____ expensive = 贵得买不起 实际=复习关来了——这些是你前面关卡最容易错的词： ____ expensive = 贵得买不起
[E2E] 组「校园生活」第 2 条出错日期 = lastAt 前 10 位 ✅ 期望=2026-09-24 实际=2026-09-24
[E2E] 组「校园生活」第 2 条显示「错 N 次」 ✅ 期望=错 1 次 实际=错 1 次
[E2E] 组「校园生活」第 3 条题型徽标 = 中文题型名（页面按自己的标签表本地化） ✅ 期望=语法 实际=语法
[E2E] 组「校园生活」第 3 条题干摘要 = 接口 stem ✅ 期望=Not until midnight ____ the experiment. 实际=Not until midnight ____ the experiment.
[E2E] 组「校园生活」第 3 条出错日期 = lastAt 前 10 位 ✅ 期望=2026-09-24 实际=2026-09-24
[E2E] 组「校园生活」第 3 条显示「错 N 次」 ✅ 期望=错 1 次 实际=错 1 次
[E2E] 四张卡都按用途定位到了（能力画像 / 成长曲线 / 错题本） ✅ 期望=True 实际=True
    · 截图 shot-s65-top.png (390, 844)
    · 截图 shot-s65-ability.png（元素级）(350, 569)
[E2E] 截图 shot-s65-ability.png 尺寸合理（宽 ≤ 390 且不为空条） ✅ 期望=True 实际=True
    · 截图 shot-s65-trend.png（元素级）(350, 306)
[E2E] 截图 shot-s65-trend.png 尺寸合理（宽 ≤ 390 且不为空条） ✅ 期望=True 实际=True
    · 截图 shot-s65-wrongbook.png（元素级）(350, 431)
[E2E] 截图 shot-s65-wrongbook.png 尺寸合理（宽 ≤ 390 且不为空条） ✅ 期望=True 实际=True
    · 截图 shot-s65-navbar.png（元素级）(390, 81)
[E2E] 截图 shot-s65-navbar.png 尺寸合理（宽 ≤ 390 且不为空条） ✅ 期望=True 实际=True
    · 截图 shot-s65-wrongbook-expanded.png（元素级）(350, 516)
[E2E] 截图 shot-s65-wrongbook-expanded.png 尺寸合理（宽 ≤ 390 且不为空条） ✅ 期望=True 实际=True
[E2E] 点「展开全部」后条目数变为全部 ✅ 期望=4 实际=4
[E2E] 展开后按钮变「收起」 ✅ 期望=收起 实际=收起
    · 截图 shot-s65-page.png（整页）(390, 2171)
[E2E] 整页截图 shot-s65-page.png 宽 390（一屏宽的阅读面） ✅ 期望=390 实际=390
[E2E] 整页截图 shot-s65-page.png 比一屏高（真的拍全了内容，不是只拍一屏） ✅ 期望=True 实际=True
[E2E] 浏览器控制台零错误 ✅ 期望=[] 实际=[]

真机核对完成：60 条断言 · 失败 0 条
