
########## 07 验收①②③（补题后）：同一套对拍再跑一遍（数据变了，口径不能变） ##########
--- ① 六边形能力画像（手算 × SQL × 接口）---
    维度               手算(plan.json)                SQL 聚合                  接口回执
    词汇                  23/26 0.88            23/26 0.88            23/26 0.88
    语法                  18/19 0.95            18/19 0.95            18/19 0.95
    阅读                 109/109 1.0           109/109 1.0             109/109 1
    听力                   50/50 1.0             50/50 1.0               50/50 1
    翻译                     2/2 1.0               2/2 1.0                 2/2 1
    写作                     0/0 0.0               0/0 0.0                 0/0 0
[RECON] 六维「词汇」correct：手算=SQL ✅ 期望=23 实际=23
[RECON] 六维「词汇」correct：SQL=接口 ✅ 期望=23 实际=23
[RECON] 六维「词汇」total：手算=SQL ✅ 期望=26 实际=26
[RECON] 六维「词汇」total：SQL=接口 ✅ 期望=26 实际=26
[RECON] 六维「词汇」accuracy：手算=SQL ✅ 期望=0.88 实际=0.88
[RECON] 六维「词汇」accuracy：SQL=接口 ✅ 期望=0.88 实际=0.88
[RECON] 六维「词汇」attemptCorrect：手算=SQL ✅ 期望=19 实际=19
[RECON] 六维「词汇」attemptCorrect：SQL=接口 ✅ 期望=19 实际=19
[RECON] 六维「词汇」attemptTotal：手算=SQL ✅ 期望=22 实际=22
[RECON] 六维「词汇」attemptTotal：SQL=接口 ✅ 期望=22 实际=22
[RECON] 六维「词汇」diagCorrect：手算=SQL ✅ 期望=4 实际=4
[RECON] 六维「词汇」diagCorrect：SQL=接口 ✅ 期望=4 实际=4
[RECON] 六维「词汇」diagTotal：手算=SQL ✅ 期望=4 实际=4
[RECON] 六维「词汇」diagTotal：SQL=接口 ✅ 期望=4 实际=4
[RECON] 六维「语法」correct：手算=SQL ✅ 期望=18 实际=18
[RECON] 六维「语法」correct：SQL=接口 ✅ 期望=18 实际=18
[RECON] 六维「语法」total：手算=SQL ✅ 期望=19 实际=19
[RECON] 六维「语法」total：SQL=接口 ✅ 期望=19 实际=19
[RECON] 六维「语法」accuracy：手算=SQL ✅ 期望=0.95 实际=0.95
[RECON] 六维「语法」accuracy：SQL=接口 ✅ 期望=0.95 实际=0.95
[RECON] 六维「语法」attemptCorrect：手算=SQL ✅ 期望=15 实际=15
[RECON] 六维「语法」attemptCorrect：SQL=接口 ✅ 期望=15 实际=15
[RECON] 六维「语法」attemptTotal：手算=SQL ✅ 期望=16 实际=16
[RECON] 六维「语法」attemptTotal：SQL=接口 ✅ 期望=16 实际=16
[RECON] 六维「语法」diagCorrect：手算=SQL ✅ 期望=3 实际=3
[RECON] 六维「语法」diagCorrect：SQL=接口 ✅ 期望=3 实际=3
[RECON] 六维「语法」diagTotal：手算=SQL ✅ 期望=3 实际=3
[RECON] 六维「语法」diagTotal：SQL=接口 ✅ 期望=3 实际=3
[RECON] 六维「阅读」correct：手算=SQL ✅ 期望=109 实际=109
[RECON] 六维「阅读」correct：SQL=接口 ✅ 期望=109 实际=109
[RECON] 六维「阅读」total：手算=SQL ✅ 期望=109 实际=109
[RECON] 六维「阅读」total：SQL=接口 ✅ 期望=109 实际=109
[RECON] 六维「阅读」accuracy：手算=SQL ✅ 期望=1.0 实际=1.0
[RECON] 六维「阅读」accuracy：SQL=接口 ✅ 期望=1.0 实际=1
[RECON] 六维「阅读」attemptCorrect：手算=SQL ✅ 期望=106 实际=106
[RECON] 六维「阅读」attemptCorrect：SQL=接口 ✅ 期望=106 实际=106
[RECON] 六维「阅读」attemptTotal：手算=SQL ✅ 期望=106 实际=106
[RECON] 六维「阅读」attemptTotal：SQL=接口 ✅ 期望=106 实际=106
[RECON] 六维「阅读」diagCorrect：手算=SQL ✅ 期望=3 实际=3
[RECON] 六维「阅读」diagCorrect：SQL=接口 ✅ 期望=3 实际=3
[RECON] 六维「阅读」diagTotal：手算=SQL ✅ 期望=3 实际=3
[RECON] 六维「阅读」diagTotal：SQL=接口 ✅ 期望=3 实际=3
[RECON] 六维「听力」correct：手算=SQL ✅ 期望=50 实际=50
[RECON] 六维「听力」correct：SQL=接口 ✅ 期望=50 实际=50
[RECON] 六维「听力」total：手算=SQL ✅ 期望=50 实际=50
[RECON] 六维「听力」total：SQL=接口 ✅ 期望=50 实际=50
[RECON] 六维「听力」accuracy：手算=SQL ✅ 期望=1.0 实际=1.0
[RECON] 六维「听力」accuracy：SQL=接口 ✅ 期望=1.0 实际=1
[RECON] 六维「听力」attemptCorrect：手算=SQL ✅ 期望=50 实际=50
[RECON] 六维「听力」attemptCorrect：SQL=接口 ✅ 期望=50 实际=50
[RECON] 六维「听力」attemptTotal：手算=SQL ✅ 期望=50 实际=50
[RECON] 六维「听力」attemptTotal：SQL=接口 ✅ 期望=50 实际=50
[RECON] 六维「听力」diagCorrect：手算=SQL ✅ 期望=0 实际=0
[RECON] 六维「听力」diagCorrect：SQL=接口 ✅ 期望=0 实际=0
[RECON] 六维「听力」diagTotal：手算=SQL ✅ 期望=0 实际=0
[RECON] 六维「听力」diagTotal：SQL=接口 ✅ 期望=0 实际=0
[RECON] 六维「翻译」correct：手算=SQL ✅ 期望=2 实际=2
[RECON] 六维「翻译」correct：SQL=接口 ✅ 期望=2 实际=2
[RECON] 六维「翻译」total：手算=SQL ✅ 期望=2 实际=2
[RECON] 六维「翻译」total：SQL=接口 ✅ 期望=2 实际=2
[RECON] 六维「翻译」accuracy：手算=SQL ✅ 期望=1.0 实际=1.0
[RECON] 六维「翻译」accuracy：SQL=接口 ✅ 期望=1.0 实际=1
[RECON] 六维「翻译」attemptCorrect：手算=SQL ✅ 期望=2 实际=2
[RECON] 六维「翻译」attemptCorrect：SQL=接口 ✅ 期望=2 实际=2
[RECON] 六维「翻译」attemptTotal：手算=SQL ✅ 期望=2 实际=2
[RECON] 六维「翻译」attemptTotal：SQL=接口 ✅ 期望=2 实际=2
[RECON] 六维「翻译」diagCorrect：手算=SQL ✅ 期望=0 实际=0
[RECON] 六维「翻译」diagCorrect：SQL=接口 ✅ 期望=0 实际=0
[RECON] 六维「翻译」diagTotal：手算=SQL ✅ 期望=0 实际=0
[RECON] 六维「翻译」diagTotal：SQL=接口 ✅ 期望=0 实际=0
[RECON] 六维「写作」correct：手算=SQL ✅ 期望=0 实际=0
[RECON] 六维「写作」correct：SQL=接口 ✅ 期望=0 实际=0
[RECON] 六维「写作」total：手算=SQL ✅ 期望=0 实际=0
[RECON] 六维「写作」total：SQL=接口 ✅ 期望=0 实际=0
[RECON] 六维「写作」accuracy：手算=SQL ✅ 期望=0.0 实际=0.0
[RECON] 六维「写作」accuracy：SQL=接口 ✅ 期望=0.0 实际=0
[RECON] 六维「写作」attemptCorrect：手算=SQL ✅ 期望=0 实际=0
[RECON] 六维「写作」attemptCorrect：SQL=接口 ✅ 期望=0 实际=0
[RECON] 六维「写作」attemptTotal：手算=SQL ✅ 期望=0 实际=0
[RECON] 六维「写作」attemptTotal：SQL=接口 ✅ 期望=0 实际=0
[RECON] 六维「写作」diagCorrect：手算=SQL ✅ 期望=0 实际=0
[RECON] 六维「写作」diagCorrect：SQL=接口 ✅ 期望=0 实际=0
[RECON] 六维「写作」diagTotal：手算=SQL ✅ 期望=0 实际=0
[RECON] 六维「写作」diagTotal：SQL=接口 ✅ 期望=0 实际=0
[RECON] 已覆盖维度数 = 有作答的维数（写作无题 → 0 数据） ✅ 期望=5 实际=5
[RECON] 六维合计正确率 → 档次文案 ✅ 期望=扎实 实际=扎实
[RECON] 接口档位与「扎实/中等/待加强」阈值一致（独立复算） ✅ 期望=True 实际=True
[RECON] 六维轴次序由服务端固定下发（词汇→语法→阅读→听力→翻译→写作） ✅ 期望=vocab,grammar,reading,listening,translation,writing 实际=vocab,grammar,reading,listening,translation,writing
[RECON] 写作维一期无题（0 数据，不是答错） ✅ 期望=0/0 实际=0/0
[RECON] 诊断侧只取最近一次（两次混算会不同，选择器能分辨） ✅ 期望=True 实际=True
[RECON] 最近一次诊断 = 计划里的第 2 次（全对） ✅ 期望=14 实际=14
[RECON] 诊断卡的题量与 result_json 一致 ✅ 期望=10/10 实际=10/10
[RECON] 诊断卡档次 = 阈值函数(诊断正确率) ✅ 期望=扎实 实际=扎实
[RECON] 第一次诊断的档次与最近一次不同（取错那次一眼能看出来） ✅ 期望=True 实际=True

--- ② 错题本（手算 × SQL × 接口）---
[RECON] 错题题号集合：手算=SQL ✅ 期望=[265, 270, 285, 290] 实际=[265, 270, 285, 290]
[RECON] 题 265 错过次数：手算=SQL ✅ 期望=1 实际=1
[RECON] 题 265 掌握标记：手算=SQL ✅ 期望=True 实际=True
[RECON] 题 265 错过次数：SQL=接口 ✅ 期望=1 实际=1
[RECON] 题 265 掌握标记：SQL=接口 ✅ 期望=True 实际=True
[RECON] 题 265 lastAt：SQL=接口（比到秒） ✅ 期望=2026-09-24T23:14:16 实际=2026-09-24T23:14:16
[RECON] 题 265 lastAt 带本地时区偏移 ✅ 期望=+08:00 实际=+08:00
[RECON] 题 270 错过次数：手算=SQL ✅ 期望=1 实际=1
[RECON] 题 270 掌握标记：手算=SQL ✅ 期望=True 实际=True
[RECON] 题 270 错过次数：SQL=接口 ✅ 期望=1 实际=1
[RECON] 题 270 掌握标记：SQL=接口 ✅ 期望=True 实际=True
[RECON] 题 270 lastAt：SQL=接口（比到秒） ✅ 期望=2026-09-24T23:14:17 实际=2026-09-24T23:14:17
[RECON] 题 270 lastAt 带本地时区偏移 ✅ 期望=+08:00 实际=+08:00
[RECON] 题 285 错过次数：手算=SQL ✅ 期望=1 实际=1
[RECON] 题 285 掌握标记：手算=SQL ✅ 期望=True 实际=True
[RECON] 题 285 错过次数：SQL=接口 ✅ 期望=1 实际=1
[RECON] 题 285 掌握标记：SQL=接口 ✅ 期望=True 实际=True
[RECON] 题 285 lastAt：SQL=接口（比到秒） ✅ 期望=2026-09-24T23:14:17 实际=2026-09-24T23:14:17
[RECON] 题 285 lastAt 带本地时区偏移 ✅ 期望=+08:00 实际=+08:00
[RECON] 题 290 错过次数：手算=SQL ✅ 期望=1 实际=1
[RECON] 题 290 掌握标记：手算=SQL ✅ 期望=True 实际=True
[RECON] 题 290 错过次数：SQL=接口 ✅ 期望=1 实际=1
[RECON] 题 290 掌握标记：SQL=接口 ✅ 期望=True 实际=True
[RECON] 题 290 lastAt：SQL=接口（比到秒） ✅ 期望=2026-09-24T23:14:17 实际=2026-09-24T23:14:17
[RECON] 题 290 lastAt 带本地时区偏移 ✅ 期望=+08:00 实际=+08:00
[RECON] 错题本条目数 = wrong_book 行数 ✅ 期望=4 实际=4
[RECON] 待复盘数：SQL=接口 ✅ 期望=0 实际=0
[RECON] 已掌握数：SQL=接口 ✅ 期望=4 实际=4
[RECON] 归组与组内次序（周→单元→未掌握优先→最近出错在前→题号）与 SQL 一致 ✅ 期望=[(290, 5, 3, '校园生活', True, 'vocab'), (285, 5, 3, '校园生活', True, 'vocab'), (270, 5, 3, '校园生活', True, 'grammar'), (265, 5, 3, '校园生活', True, 'vocab')] 实际=[(290, 5, 3, '校园生活', True, 'vocab'), (285, 5, 3, '校园生活', True, 'vocab'), (270, 5, 3, '校园生活', True, 'grammar'), (265, 5, 3, '校园生活', True, 'vocab')]
[RECON] 组「校园生活」unitCleared 与「该单元有题的关全通关」一致 ✅ 期望=True 实际=True
[RECON] 组「校园生活」计数 = 组内条目数 ✅ 期望=(0, 4) 实际=(0, 4)
[RECON] 题干摘要不超过 160 字 + 省略号 ✅ 期望=[] 实际=[]
[RECON] 题 290 题干摘要 = 按字符截断(160) ✅ 期望=真题风格：The government has decided to ____ the reform measures immediately. 实际=真题风格：The government has decided to ____ the reform measures immediately.
[RECON] 题 285 题干摘要 = 按字符截断(160) ✅ 期望=复习关来了——这些是你前面关卡最容易错的词：

____ expensive = 贵得买不起 实际=复习关来了——这些是你前面关卡最容易错的词：

____ expensive = 贵得买不起
[RECON] 题 270 题干摘要 = 按字符截断(160) ✅ 期望=Not until midnight ____ the experiment. 实际=Not until midnight ____ the experiment.
[RECON] 题 265 题干摘要 = 按字符截断(160) ✅ 期望=We need to find ____ near the campus before the semester starts. 实际=We need to find ____ near the campus before the semester starts.
[RECON] hasPending = 存在「已结束且还有未掌握错题」的专题 ✅ 期望=False 实际=False
[RECON] 推送单元列表：SQL=接口 ✅ 期望=[] 实际=[]
[RECON] 推送文案（独立拼一遍） ✅ 期望= 实际=
    · 提醒条文案：（无）

--- ③ 成长曲线（SQL 分桶 × 接口数据点）---
[RECON] 曲线数据点 = 8 个（近 8 周含本周） ✅ 期望=8 实际=8
[RECON] 横轴标签 = 8 个 M/D（升序，含本周） ✅ 期望=['8/3', '8/10', '8/17', '8/24', '8/31', '9/7', '9/14', '9/21'] 实际=['8/3', '8/10', '8/17', '8/24', '8/31', '9/7', '9/14', '9/21']
[RECON] 周起点 = 8 个周一 00:00（升序） ✅ 期望=['2026-08-03', '2026-08-10', '2026-08-17', '2026-08-24', '2026-08-31', '2026-09-07', '2026-09-14', '2026-09-21'] 实际=['2026-08-03', '2026-08-10', '2026-08-17', '2026-08-24', '2026-08-31', '2026-09-07', '2026-09-14', '2026-09-21']
[RECON] 第 1 周（8/3）attempts：SQL=接口 ✅ 期望=0 实际=0
[RECON] 第 1 周（8/3）answers：SQL=接口 ✅ 期望=0 实际=0
[RECON] 第 1 周（8/3）correct：SQL=接口 ✅ 期望=0 实际=0
[RECON] 第 1 周（8/3）accuracy：SQL=接口（两位小数） ✅ 期望=0.0 实际=0
[RECON] 第 1 周（8/3）XP：SQL=接口 ✅ 期望=0 实际=0
[RECON] 第 2 周（8/10）attempts：SQL=接口 ✅ 期望=0 实际=0
[RECON] 第 2 周（8/10）answers：SQL=接口 ✅ 期望=0 实际=0
[RECON] 第 2 周（8/10）correct：SQL=接口 ✅ 期望=0 实际=0
[RECON] 第 2 周（8/10）accuracy：SQL=接口（两位小数） ✅ 期望=0.0 实际=0
[RECON] 第 2 周（8/10）XP：SQL=接口 ✅ 期望=0 实际=0
[RECON] 第 3 周（8/17）attempts：SQL=接口 ✅ 期望=0 实际=0
[RECON] 第 3 周（8/17）answers：SQL=接口 ✅ 期望=0 实际=0
[RECON] 第 3 周（8/17）correct：SQL=接口 ✅ 期望=0 实际=0
[RECON] 第 3 周（8/17）accuracy：SQL=接口（两位小数） ✅ 期望=0.0 实际=0
[RECON] 第 3 周（8/17）XP：SQL=接口 ✅ 期望=0 实际=0
[RECON] 第 4 周（8/24）attempts：SQL=接口 ✅ 期望=1 实际=1
[RECON] 第 4 周（8/24）answers：SQL=接口 ✅ 期望=8 实际=8
[RECON] 第 4 周（8/24）correct：SQL=接口 ✅ 期望=8 实际=8
[RECON] 第 4 周（8/24）accuracy：SQL=接口（两位小数） ✅ 期望=1.0 实际=1
[RECON] 第 4 周（8/24）XP：SQL=接口 ✅ 期望=430 实际=430
[RECON] 第 5 周（8/31）attempts：SQL=接口 ✅ 期望=1 实际=1
[RECON] 第 5 周（8/31）answers：SQL=接口 ✅ 期望=7 实际=7
[RECON] 第 5 周（8/31）correct：SQL=接口 ✅ 期望=7 实际=7
[RECON] 第 5 周（8/31）accuracy：SQL=接口（两位小数） ✅ 期望=1.0 实际=1
[RECON] 第 5 周（8/31）XP：SQL=接口 ✅ 期望=365 实际=365
[RECON] 第 6 周（9/7）attempts：SQL=接口 ✅ 期望=1 实际=1
[RECON] 第 6 周（9/7）answers：SQL=接口 ✅ 期望=5 实际=5
[RECON] 第 6 周（9/7）correct：SQL=接口 ✅ 期望=5 实际=5
[RECON] 第 6 周（9/7）accuracy：SQL=接口（两位小数） ✅ 期望=1.0 实际=1
[RECON] 第 6 周（9/7）XP：SQL=接口 ✅ 期望=250 实际=250
[RECON] 第 7 周（9/14）attempts：SQL=接口 ✅ 期望=1 实际=1
[RECON] 第 7 周（9/14）answers：SQL=接口 ✅ 期望=5 实际=5
[RECON] 第 7 周（9/14）correct：SQL=接口 ✅ 期望=5 实际=5
[RECON] 第 7 周（9/14）accuracy：SQL=接口（两位小数） ✅ 期望=1.0 实际=1
[RECON] 第 7 周（9/14）XP：SQL=接口 ✅ 期望=250 实际=250
[RECON] 第 8 周（9/21）attempts：SQL=接口 ✅ 期望=23 实际=23
[RECON] 第 8 周（9/21）answers：SQL=接口 ✅ 期望=166 实际=166
[RECON] 第 8 周（9/21）correct：SQL=接口 ✅ 期望=162 实际=162
[RECON] 第 8 周（9/21）accuracy：SQL=接口（两位小数） ✅ 期望=0.98 实际=0.98
[RECON] 第 8 周（9/21）XP：SQL=接口 ✅ 期望=8130 实际=8130
[RECON] 有数据的周数 = 8 点里非零的周数 ✅ 期望=5 实际=5
[RECON] 窗口外的行确实存在（证明窗口裁剪是被算过的，不是没数据） ✅ 期望=True 实际=True
    · 窗口外（9 周前）行数：attempts=1 answers=5 xp=250
[RECON] 8 个点的 attempts 合计 = 窗口内行数（窗口外被裁掉） ✅ 期望=27 实际=27
[RECON] 窗口外 attempts = 全库行数 − 窗口内行数 ✅ 期望=1 实际=1
[RECON] 回拨 7 天的关卡落在「上周」（第 7 个点） ✅ 期望=1 实际=1
[RECON] 概览总 XP = 账本 SUM(delta)（唯一权威） ✅ 期望=9675 实际=9675
[RECON] 窗口内 8 周 XP 合计 = 账本总额 − 窗口外 ✅ 期望=9425 实际=9425
[RECON] 等级换算 = 1 + XP/300（服务端不落库，独立复算） ✅ 期望=(33, 75, 300) 实际=(33, 75, 300)

--- ④ 档案概览四格与进度（SQL × 接口）---
[RECON] 关卡总数（有题的关） ✅ 期望=24 实际=24
[RECON] 已通关关卡数 ✅ 期望=24 实际=24
[RECON] 专题总数 ✅ 期望=4 实际=4
[RECON] 已通关专题数（单元内有题的关全通关） ✅ 期望=4 实际=4
[RECON] 作答总数（手算 = 闯关流水 + 最近一次诊断） ✅ 期望=206 实际=206
[RECON] 答对总数（手算 = 闯关答对 + 最近一次诊断答对） ✅ 期望=202 实际=202
[RECON] 正确率（两位小数） ✅ 期望=0.98 实际=0.98
[RECON] 待复盘错题数 = 错题本 pendingCount ✅ 期望=0 实际=0
[RECON] 已掌握错题数 = 错题本 masteredCount ✅ 期望=4 实际=4

对拍完成：193 条断言 · 失败 0 条 → profile-reconcile-post.json
