
########## 08 空态与门禁：新学生 S65B 的档案页空态（390×844）+ 401/40302/同学隔离 ##########
[E2E] 新学生：六维覆盖 0 维 ✅ 期望=0 实际=0
[E2E] 新学生：作答 0 题 / 正确率 0 ✅ 期望=(0, 0.0) 实际=(0, 0)
[E2E] 新学生：错题本为空 ✅ 期望=(0, 0) 实际=(0, 0)
[E2E] 新学生：无提醒（没东西可复盘） ✅ 期望=False 实际=False
[E2E] 新学生：无诊断卡（没做过诊断不占位） ✅ 期望=None 实际=None
[E2E] 空态：没有提醒条 ✅ 期望=None 实际=None
[E2E] 空态：没有诊断卡 ✅ 期望=None 实际=None
[E2E] 空态：六维全「暂无数据」 ✅ 期望=['暂无数据', '暂无数据', '暂无数据', '暂无数据', '暂无数据', '暂无数据'] 实际=['暂无数据', '暂无数据', '暂无数据', '暂无数据', '暂无数据', '暂无数据']
[E2E] 空态：雷达图百分比全「—」 ✅ 期望=['—', '—', '—', '—', '—', '—'] 实际=['—', '—', '—', '—', '—', '—']
[E2E] 空态：画像档次留空（没有数据就不打分） ✅ 期望=None 实际=None
[E2E] 空态：错题本文案 ✅ 期望=True 实际=True
[E2E] 空态：曲线空态文案（引导去打第一关） ✅ 期望=True 实际=True
[E2E] 空态：曲线仍是 8 个时间轴点（缺周不缺轴） ✅ 期望=8 实际=8
[E2E] 空态：底部「我的」Tab 无红点 ✅ 期望=False 实际=False
[E2E] 空态：顶栏仍是 LV.1 ✅ 期望=True 实际=True
[E2E] 空态下四张卡也都在（空态是卡内文案，不是把卡删掉） ✅ 期望=True 实际=True
    · 截图 shot-empty-top.png (390, 844)
    · 截图 shot-empty-ability.png（元素级）(350, 568)
[E2E] 截图 shot-empty-ability.png 尺寸合理（宽 ≤ 390 且不为空条） ✅ 期望=True 实际=True
    · 截图 shot-empty-trend.png（元素级）(350, 332)
[E2E] 截图 shot-empty-trend.png 尺寸合理（宽 ≤ 390 且不为空条） ✅ 期望=True 实际=True
    · 截图 shot-empty-wrongbook.png（元素级）(350, 100)
[E2E] 截图 shot-empty-wrongbook.png 尺寸合理（宽 ≤ 390 且不为空条） ✅ 期望=True 实际=True
    · 截图 shot-empty-navbar.png（元素级）(390, 81)
[E2E] 截图 shot-empty-navbar.png 尺寸合理（宽 ≤ 390 且不为空条） ✅ 期望=True 实际=True
    · 截图 shot-empty-page.png（整页）(390, 1619)
[E2E] 整页截图 shot-empty-page.png 宽 390（一屏宽的阅读面） ✅ 期望=390 实际=390
[E2E] 整页截图 shot-empty-page.png 比一屏高（真的拍全了内容，不是只拍一屏） ✅ 期望=True 实际=True
[E2E] 空态：控制台零错误 ✅ 期望=[] 实际=[]

[E2E] 未登录访问档案接口 → 401 + 40101 ✅ 期望=(401, 40101) 实际=(401, 40101)
[E2E] 首登未改密的学生访问档案接口 → 403 + 40302（改密门禁对学生业务接口一致） ✅ 期望=(403, 40302) 实际=(403, 40302)
[E2E] 已改密的学生访问档案接口 → 200 ✅ 期望=200 实际=200
[E2E] 同一接口、两个学生拿到各自的档案（A 有作答） ✅ 期望=True 实际=True
[E2E] 同学 B 看到的不是 A 的数据（B 作答 0） ✅ 期望=0 实际=0
[E2E] 同学 B 的错题本为空（隔离） ✅ 期望=0 实际=0
[E2E] 接口不收 user_id 入参（加参数也只能看自己） ✅ 期望=0 实际=0
[E2E] 零进度学生的地图：24 关里只有每个单元第 1 关解锁 ✅ 期望=4 实际=4
    · 观察：S65B（零进度）取未解锁关 L26 的卷 → HTTP 200 code=0（服务端不校验解锁，地图侧约束；已记入交卷报告「观察与债务」）
