
########## 06 验收②-b：段落匹配作答（3 题：2 对 1 错）→ 判分落 attempt_answers + 进错题本 ##########
--- 06-0 组作答：正确答案用「段落字母在展示数组里的下标」定位（match 不洗牌 → 展示坐标=题库坐标）---
组好 3 题作答（题号 [648, 649, 650]），期望落库（题库坐标|对错）：
    648|5|1
    649|11|1
    650|1|0

--- 06-1 提交 ---
[CHECK] 提交 200 ✅ 期望=[HTTP 200] 实际=[HTTP 200]
status = in_progress | 进度 = {'answered': 3, 'correct': 2, 'wrong': 1, 'total': 10, 'livesLeft': 2, 'streak': 0}
  题 648 | 对= True | 对了几空 = 1 / 1 | 我提交（展示坐标）= 5 | 正确（展示坐标）= 5 | 基础/速度/连击 = 20 0 0 | 连击数 = 1
  题 649 | 对= True | 对了几空 = 1 / 1 | 我提交（展示坐标）= 11 | 正确（展示坐标）= 11 | 基础/速度/连击 = 20 0 5 | 连击数 = 2
  题 650 | 对= False | 对了几空 = 0 / 1 | 我提交（展示坐标）= 1 | 正确（展示坐标）= 0 | 基础/速度/连击 = 0 0 0 | 连击数 = 0

--- 06-2 断言：判分 / 落库 / 错题本 ---
[CHECK] feedback 3 条：2 对 1 错 ✅ 期望=2/1 实际=2/1
[CHECK] 段落匹配 XP 与阅读题同口径：基础 40、速度 0、连击 5 ✅ 期望=40/0/5 实际=40/0/5
[CHECK] match 不洗牌：正确项展示坐标 == 题库存的 answer_idx（段号带语义） ✅ 期望=一致 实际=一致
[CHECK] attempt_answers 3 行与期望逐行一致（题库坐标 + 对错） ✅ 期望=一致 ✅ 实际=一致 ✅
[CHECK] 错题本累计 3 行（选词填空 2 + 段落匹配 1） ✅ 期望=3 实际=3
[CHECK] 本轮错的那 1 题进了错题本 ✅ 期望=1 实际=1
[CHECK] 账本累计 45+45=90 分 ✅ 期望=90 实际=90
