
########## 02 验收①：原型题库（四级 33 + 六级 33）灌入零报错 ##########
--- 02-0 先清空题库三张表（只删 S2 自己的题库数据，S1 的班级/学生原样保留），
          这样「首次灌入」的证据每次都能复现（不会因为上一轮已导过而变成 skipped）---
清理后题目数：0

2026/09/20 12:01:10 已更新教师账号: username=T0001 name=张老师 role=teacher（初始密码已设置，首次登录须改密）

--- 导入 2024级英语1班（教师 T0001）---
文件: testdata/qbank/prototype-66.xlsx
归属教师: T0001(1)
读到数据行: 66（另有 0 行格式错误）

新建单元: 1，复用已有单元: 0
新建关卡: 6，复用已有关卡: 0
导入题目: 66 道，跳过重复: 0 道（共 66 行），零报错。
该班级当前可下发题目（按分套 + 已启用）: 66 道。

--- 再导一次：应全部跳过（同关卡下 分套+题型+题干 相同的题不重复建）---
文件: testdata/qbank/prototype-66.xlsx
归属教师: T0001(1)
读到数据行: 66（另有 0 行格式错误）

新建单元: 0，复用已有单元: 1
新建关卡: 0，复用已有关卡: 6
导入题目: 0 道，跳过重复: 66 道（共 66 行），零报错。
该班级当前可下发题目（按分套 + 已启用）: 66 道。
