
########## 05 验收②：XP 只认账本 —— 直改 attempts 不动总分；往账本塞一行，总分立刻动 ##########
--- 05-0 用第 9 周「阅读 · 段落匹配」（match：展示序=题库序）跑一次 8/10 的首刷 ---
        首刷口径：前 8 题答对、后 2 题答错（展示下标 = 题库 answer_idx，错项取 (answer+1) mod 选项数）
  题库答案下标：376	2 377	8 378	4 379	11 380	0 381	5 382	9 383	1 384	3 385	6 
attemptId = 62 | seed = 2818804635270840013 | 题数 = 10 | 题序 = [376, 377, 378, 379, 380, 381, 382, 383, 384, 385]
第 1 题选项数 = 12 （段落匹配的 A~L 段）
  作答体：{"attemptId": 62, "answers": [{"questionId": 376, "pickedIdx": "2"}, {"questionId": 377, "pickedIdx": "8"}, {"questionId": 378, "pickedIdx": "4"}, {"questionId": 379, "pickedIdx": "11"}, {"questionId"…
status = finished | 进度 = {'answered': 10, 'correct': 8, 'wrong': 2, 'total': 10, 'livesLeft': 1, 'streak': 0}
结算：正确率 = 0.8 | 星级 = 2 | 710 分制 = 0 | 本次 XP = 330 | 总分 = 330 | 首刷 = True | 重刷 = False
XP 明细： [('答题基础分', 160), ('连击加成', 140), ('通关奖励', 30)]
后两题回执（应 false + 带正确项展示下标）： [(384, False, '3'), (385, False, '6')]
[CHECK] 首刷 8/10 → 两星 ✅ 期望=2 实际=2
[CHECK] 首刷 8/10 → 正确率 0.8 ✅ 期望=0.8 实际=0.8
[CHECK] 非 Boss 关不发 710 分制成绩单（任务书 §6：仅 Boss 卷 round(正确率×710)） ✅ 期望=0 实际=0
[CHECK] 首刷 XP = 160(基础)+140(连击)+30(通关) = 330 ✅ 期望=330 实际=330
[CHECK] 总 XP（账本聚合）= 330 ✅ 期望=330 实际=330

--- 05-1 关卡列表立刻反映：xpTotal / 星级 / 首刷成绩 ---
xpTotal = 330 | 该关：通关 = True | 星 = 2 | 打过 = 1 | 首刷 = {'attemptId': 62, 'correct': 8, 'total': 10, 'stars': 2, 'finishedAt': '2026-09-24T09:38:51+08:00'}
[CHECK] 关卡列表 xpTotal=330 ✅ 期望=330 实际=330

--- 05-2 验收② 动作一：直接改 attempts.xp_earned = 999999（绕过账本刷分）---
库里这条 attempt 现在是：
62	37	8	10	2	0	999999	finished	2818804635270840013
接口读到的总分（应纹丝不动 = 330）：
[CHECK] 改 attempts 后 xpTotal 不变 ✅ 期望=330 实际=330
[CHECK] 账本 SUM(delta) 不变 ✅ 期望=330 实际=330

--- 05-3 验收② 动作二（反向）：往账本塞一行 +7 → 总分立刻变 337，删掉又回到 330 ---
[CHECK] 账本 +7 → xpTotal=337 ✅ 期望=337 实际=337
[CHECK] 删掉那行 → xpTotal 回到 330 ✅ 期望=330 实际=330

--- 05-4 账本落库明细（本次闯关逐条可解释）---
164	160	answer_base	attempt	62	2026-09-24 09:38:51.088
165	140	answer_combo	attempt	62	2026-09-24 09:38:51.088
166	30	level_clear	attempt	62	2026-09-24 09:38:51.088
404	62	376	2	1
405	62	377	8	1
406	62	378	4	1
407	62	379	11	1
408	62	380	0	1
409	62	381	5	1
410	62	382	9	1
411	62	383	1	1
412	62	384	4	0
413	62	385	7	0

--- 05-5 解锁链推进：第 9 周第 5 关（段落匹配）通关后，同单元第 6 关应变为「已解锁」---
  第 9 周第 4 关 阅读 · 选词填空 ：解锁= False 通关= False 首刷= False
  第 9 周第 5 关 阅读 · 段落匹配 ：解锁= False 通关= True 首刷= True
  第 9 周第 6 关 阅读 · 仔细阅读（一） ：解锁= True 通关= False 首刷= False
  第 9 周第 7 关 阅读 · 仔细阅读（二） ：解锁= False 通关= False 首刷= False
[CHECK] 通关第 5 关后同单元第 6 关解锁（线性链真推进，不是只看置灰） ✅ 期望=True 实际=True
[CHECK] 第 6 关自己还没通关（解锁 ≠ 通关） ✅ 期望=False 实际=False
